Component: Arm Compiler for Embedded 6.22 Tool: armlink [5ee90200]

==============================================================================

Section Cross References

    main.o(.text) refers (Special) to _printf_percent.o(.ARM.Collect$$_printf_percent$$00000000) for _printf_percent
    main.o(.text) refers (Special) to _printf_u.o(.ARM.Collect$$_printf_percent$$0000000A) for _printf_u
    main.o(.text) refers (Special) to _printf_f.o(.ARM.Collect$$_printf_percent$$00000003) for _printf_f
    main.o(.text) refers (Special) to _printf_dec.o(.text) for _printf_int_dec
    main.o(.text) refers (Special) to printf1.o(x$fpl$printf1) for _printf_fp_dec
    main.o(.text.SysTick_Handler) refers (Special) to _printf_percent.o(.ARM.Collect$$_printf_percent$$00000000) for _printf_percent
    main.o(.text.SysTick_Handler) refers (Special) to _printf_u.o(.ARM.Collect$$_printf_percent$$0000000A) for _printf_u
    main.o(.text.SysTick_Handler) refers (Special) to _printf_f.o(.ARM.Collect$$_printf_percent$$00000003) for _printf_f
    main.o(.text.SysTick_Handler) refers (Special) to _printf_dec.o(.text) for _printf_int_dec
    main.o(.text.SysTick_Handler) refers (Special) to printf1.o(x$fpl$printf1) for _printf_fp_dec
    main.o(.text.SysTick_Handler) refers to main.o(.bss.msTicks) for msTicks
    main.o(.ARM.exidx.text.SysTick_Handler) refers (Special) to _printf_percent.o(.ARM.Collect$$_printf_percent$$00000000) for _printf_percent
    main.o(.ARM.exidx.text.SysTick_Handler) refers (Special) to _printf_u.o(.ARM.Collect$$_printf_percent$$0000000A) for _printf_u
    main.o(.ARM.exidx.text.SysTick_Handler) refers (Special) to _printf_f.o(.ARM.Collect$$_printf_percent$$00000003) for _printf_f
    main.o(.ARM.exidx.text.SysTick_Handler) refers (Special) to _printf_dec.o(.text) for _printf_int_dec
    main.o(.ARM.exidx.text.SysTick_Handler) refers (Special) to printf1.o(x$fpl$printf1) for _printf_fp_dec
    main.o(.ARM.exidx.text.SysTick_Handler) refers to main.o(.text.SysTick_Handler) for [Anonymous Symbol]
    main.o(.text.SysTick_Init_ms) refers (Special) to _printf_percent.o(.ARM.Collect$$_printf_percent$$00000000) for _printf_percent
    main.o(.text.SysTick_Init_ms) refers (Special) to _printf_u.o(.ARM.Collect$$_printf_percent$$0000000A) for _printf_u
    main.o(.text.SysTick_Init_ms) refers (Special) to _printf_f.o(.ARM.Collect$$_printf_percent$$00000003) for _printf_f
    main.o(.text.SysTick_Init_ms) refers (Special) to _printf_dec.o(.text) for _printf_int_dec
    main.o(.text.SysTick_Init_ms) refers (Special) to printf1.o(x$fpl$printf1) for _printf_fp_dec
    main.o(.ARM.exidx.text.SysTick_Init_ms) refers (Special) to _printf_percent.o(.ARM.Collect$$_printf_percent$$00000000) for _printf_percent
    main.o(.ARM.exidx.text.SysTick_Init_ms) refers (Special) to _printf_u.o(.ARM.Collect$$_printf_percent$$0000000A) for _printf_u
    main.o(.ARM.exidx.text.SysTick_Init_ms) refers (Special) to _printf_f.o(.ARM.Collect$$_printf_percent$$00000003) for _printf_f
    main.o(.ARM.exidx.text.SysTick_Init_ms) refers (Special) to _printf_dec.o(.text) for _printf_int_dec
    main.o(.ARM.exidx.text.SysTick_Init_ms) refers (Special) to printf1.o(x$fpl$printf1) for _printf_fp_dec
    main.o(.ARM.exidx.text.SysTick_Init_ms) refers to main.o(.text.SysTick_Init_ms) for [Anonymous Symbol]
    main.o(.text.millis) refers (Special) to _printf_percent.o(.ARM.Collect$$_printf_percent$$00000000) for _printf_percent
    main.o(.text.millis) refers (Special) to _printf_u.o(.ARM.Collect$$_printf_percent$$0000000A) for _printf_u
    main.o(.text.millis) refers (Special) to _printf_f.o(.ARM.Collect$$_printf_percent$$00000003) for _printf_f
    main.o(.text.millis) refers (Special) to _printf_dec.o(.text) for _printf_int_dec
    main.o(.text.millis) refers (Special) to printf1.o(x$fpl$printf1) for _printf_fp_dec
    main.o(.text.millis) refers to main.o(.bss.msTicks) for msTicks
    main.o(.ARM.exidx.text.millis) refers (Special) to _printf_percent.o(.ARM.Collect$$_printf_percent$$00000000) for _printf_percent
    main.o(.ARM.exidx.text.millis) refers (Special) to _printf_u.o(.ARM.Collect$$_printf_percent$$0000000A) for _printf_u
    main.o(.ARM.exidx.text.millis) refers (Special) to _printf_f.o(.ARM.Collect$$_printf_percent$$00000003) for _printf_f
    main.o(.ARM.exidx.text.millis) refers (Special) to _printf_dec.o(.text) for _printf_int_dec
    main.o(.ARM.exidx.text.millis) refers (Special) to printf1.o(x$fpl$printf1) for _printf_fp_dec
    main.o(.ARM.exidx.text.millis) refers to main.o(.text.millis) for [Anonymous Symbol]
    main.o(.text.delay_ms_block) refers (Special) to _printf_percent.o(.ARM.Collect$$_printf_percent$$00000000) for _printf_percent
    main.o(.text.delay_ms_block) refers (Special) to _printf_u.o(.ARM.Collect$$_printf_percent$$0000000A) for _printf_u
    main.o(.text.delay_ms_block) refers (Special) to _printf_f.o(.ARM.Collect$$_printf_percent$$00000003) for _printf_f
[...]
    Removing stm32f4xx_hal_i2c.o(.ARM.exidx.text.HAL_I2C_MspInit), (8 bytes).
    Removing stm32f4xx_hal_i2c.o(.text.HAL_I2C_DeInit), (52 bytes).
    Removing stm32f4xx_hal_i2c.o(.ARM.exidx.text.HAL_I2C_DeInit), (8 bytes).
    Removing stm32f4xx_hal_i2c.o(.text.HAL_I2C_MspDeInit), (2 bytes).
    Removing stm32f4xx_hal_i2c.o(.ARM.exidx.text.HAL_I2C_MspDeInit), (8 bytes).
    Removing stm32f4xx_hal_i2c.o(.text.HAL_I2C_Master_Transmit), (776 bytes).
    Removing stm32f4xx_hal_i2c.o(.ARM.exidx.text.HAL_I2C_Master_Transmit), (8 bytes).
    Removing stm32f4xx_hal_i2c.o(.text.I2C_WaitOnFlagUntilTimeout), (114 bytes).
    Removing stm32f4xx_hal_i2c.o(.ARM.exidx.text.I2C_WaitOnFlagUntilTimeout), (8 bytes).
    Removing stm32f4xx_hal_i2c.o(.text.I2C_WaitOnBTFFlagUntilTimeout), (106 bytes).
    Removing stm32f4xx_hal_i2c.o(.ARM.exidx.text.I2C_WaitOnBTFFlagUntilTimeout), (8 bytes).
    Removing stm32f4xx_hal_i2c.o(.text.HAL_I2C_Master_Receive), (1412 bytes).
    Removing stm32f4xx_hal_i2c.o(.ARM.exidx.text.HAL_I2C_Master_Receive), (8 bytes).
    Removing stm32f4xx_hal_i2c.o(.text.HAL_I2C_Slave_Transmit), (558 bytes).
    Removing stm32f4xx_hal_i2c.o(.ARM.exidx.text.HAL_I2C_Slave_Transmit), (8 bytes).
    Removing stm32f4xx_hal_i2c.o(.text.HAL_I2C_Slave_Receive), (538 bytes).
    Removing stm32f4xx_hal_i2c.o(.ARM.exidx.text.HAL_I2C_Slave_Receive), (8 bytes).
    Removing stm32f4xx_hal_i2c.o(.text.HAL_I2C_Master_Transmit_IT), (270 bytes).
    Removing stm32f4xx_hal_i2c.o(.ARM.exidx.text.HAL_I2C_Master_Transmit_IT), (8 bytes).
    Removing stm32f4xx_hal_i2c.o(.text.HAL_I2C_Master_Receive_IT), (282 bytes).
    Removing stm32f4xx_hal_i2c.o(.ARM.exidx.text.HAL_I2C_Master_Receive_IT), (8 bytes).
    Removing stm32f4xx_hal_i2c.o(.text.HAL_I2C_Slave_Transmit_IT), (144 bytes).
    Removing stm32f4xx_hal_i2c.o(.ARM.exidx.text.HAL_I2C_Slave_Transmit_IT), (8 bytes).
    Removing stm32f4xx_hal_i2c.o(.text.HAL_I2C_Slave_Receive_IT), (144 bytes).
    Removing stm32f4xx_hal_i2c.o(.ARM.exidx.text.HAL_I2C_Slave_Receive_IT), (8 bytes).
    Removing stm32f4xx_hal_i2c.o(.text.HAL_I2C_Master_Transmit_DMA), (388 bytes).
    Removing stm32f4xx_hal_i2c.o(.ARM.exidx.text.HAL_I2C_Master_Transmit_DMA), (8 bytes).
    Removing stm32f4xx_hal_i2c.o(.text.I2C_DMAXferCplt), (288 bytes).
    Removing stm32f4xx_hal_i2c.o(.ARM.exidx.text.I2C_DMAXferCplt), (8 bytes).
    Removing stm32f4xx_hal_i2c.o(.text.I2C_DMAError), (76 bytes).
    Removing stm32f4xx_hal_i2c.o(.ARM.exidx.text.I2C_DMAError), (8 bytes).
    Removing stm32f4xx_hal_i2c.o(.text.HAL_I2C_Master_Receive_DMA), (390 bytes).
    Removing stm32f4xx_hal_i2c.o(.ARM.exidx.text.HAL_I2C_Master_Receive_DMA), (8 bytes).
    Removing stm32f4xx_hal_i2c.o(.text.HAL_I2C_Slave_Transmit_DMA), (258 bytes).
    Removing stm32f4xx_hal_i2c.o(.ARM.exidx.text.HAL_I2C_Slave_Transmit_DMA), (8 bytes).
    Removing stm32f4xx_hal_i2c.o(.text.HAL_I2C_Slave_Receive_DMA), (260 bytes).
    Removing stm32f4xx_hal_i2c.o(.ARM.exidx.text.HAL_I2C_Slave_Receive_DMA), (8 bytes).
    Removing stm32f4xx_hal_i2c.o(.text.HAL_I2C_Mem_Write), (402 bytes).
    Removing stm32f4xx_hal_i2c.o(.ARM.exidx.text.HAL_I2C_Mem_Write), (8 bytes).
    Removing stm32f4xx_hal_i2c.o(.text.I2C_RequestMemoryWrite), (466 bytes).
    Removing stm32f4xx_hal_i2c.o(.ARM.exidx.text.I2C_RequestMemoryWrite), (8 bytes).
    Removing stm32f4xx_hal_i2c.o(.text.HAL_I2C_Mem_Read), (904 bytes).
    Removing stm32f4xx_hal_i2c.o(.ARM.exidx.text.HAL_I2C_Mem_Read), (8 bytes).
    Removing stm32f4xx_hal_i2c.o(.text.I2C_RequestMemoryRead), (584 bytes).
    Removing stm32f4xx_hal_i2c.o(.ARM.exidx.text.I2C_RequestMemoryRead), (8 bytes).
    Removing stm32f4xx_hal_i2c.o(.text.HAL_I2C_Mem_Write_IT), (238 bytes).
    Removing stm32f4xx_hal_i2c.o(.ARM.exidx.text.HAL_I2C_Mem_Write_IT), (8 bytes).
    Removing stm32f4xx_hal_i2c.o(.text.HAL_I2C_Mem_Read_IT), (256 bytes).
    Removing stm32f4xx_hal_i2c.o(.ARM.exidx.text.HAL_I2C_Mem_Read_IT), (8 bytes).
    Removing stm32f4xx_hal_i2c.o(.text.HAL_I2C_Mem_Write_DMA), (428 bytes).
    Removing stm32f4xx_hal_i2c.o(.ARM.exidx.text.HAL_I2C_Mem_Write_DMA), (8 bytes).
    Removing stm32f4xx_hal_i2c.o(.text.HAL_I2C_Mem_Read_DMA), (498 bytes).
    Removing stm32f4xx_hal_i2c.o(.ARM.exidx.text.HAL_I2C_Mem_Read_DMA), (8 bytes).
    Removing stm32f4xx_hal_i2c.o(.text.HAL_I2C_IsDeviceReady), (584 bytes).
    Removing stm32f4xx_hal_i2c.o(.ARM.exidx.text.HAL_I2C_IsDeviceReady), (8 bytes).
    Removing stm32f4xx_hal_i2c.o(.text.HAL_I2C_Master_Seq_Transmit_IT), (278 bytes).
    Removing stm32f4xx_hal_i2c.o(.ARM.exidx.text.HAL_I2C_Master_Seq_Transmit_IT), (8 bytes).
    Removing stm32f4xx_hal_i2c.o(.text.HAL_I2C_Master_Seq_Transmit_DMA), (426 bytes).
    Removing stm32f4xx_hal_i2c.o(.ARM.exidx.text.HAL_I2C_Master_Seq_Transmit_DMA), (8 bytes).
    Removing stm32f4xx_hal_i2c.o(.text.HAL_I2C_Master_Seq_Receive_IT), (342 bytes).
    Removing stm32f4xx_hal_i2c.o(.ARM.exidx.text.HAL_I2C_Master_Seq_Receive_IT), (8 bytes).
    Removing stm32f4xx_hal_i2c.o(.text.HAL_I2C_Master_Seq_Receive_DMA), (526 bytes).
    Removing stm32f4xx_hal_i2c.o(.ARM.exidx.text.HAL_I2C_Master_Seq_Receive_DMA), (8 bytes).
    Removing stm32f4xx_hal_i2c.o(.text.HAL_I2C_Slave_Seq_Transmit_IT), (172 bytes).
    Removing stm32f4xx_hal_i2c.o(.ARM.exidx.text.HAL_I2C_Slave_Seq_Transmit_IT), (8 bytes).
    Removing stm32f4xx_hal_i2c.o(.text.HAL_I2C_Slave_Seq_Transmit_DMA), (408 bytes).
    Removing stm32f4xx_hal_i2c.o(.ARM.exidx.text.HAL_I2C_Slave_Seq_Transmit_DMA), (8 bytes).
    Removing stm32f4xx_hal_i2c.o(.text.I2C_DMAAbort), (228 bytes).
    Removing stm32f4xx_hal_i2c.o(.ARM.exidx.text.I2C_DMAAbort), (8 bytes).
    Removing stm32f4xx_hal_i2c.o(.text.HAL_I2C_Slave_Seq_Receive_IT), (172 bytes).
    Removing stm32f4xx_hal_i2c.o(.ARM.exidx.text.HAL_I2C_Slave_Seq_Receive_IT), (8 bytes).
    Removing stm32f4xx_hal_i2c.o(.text.HAL_I2C_Slave_Seq_Receive_DMA), (412 bytes).
    Removing stm32f4xx_hal_i2c.o(.ARM.exidx.text.HAL_I2C_Slave_Seq_Receive_DMA), (8 bytes).
    Removing stm32f4xx_hal_i2c.o(.text.HAL_I2C_EnableListen_IT), (54 bytes).
    Removing stm32f4xx_hal_i2c.o(.ARM.exidx.text.HAL_I2C_EnableListen_IT), (8 bytes).
    Removing stm32f4xx_hal_i2c.o(.text.HAL_I2C_DisableListen_IT), (64 bytes).
    Removing stm32f4xx_hal_i2c.o(.ARM.exidx.text.HAL_I2C_DisableListen_IT), (8 bytes).
    Removing stm32f4xx_hal_i2c.o(.text.HAL_I2C_Master_Abort_IT), (88 bytes).
    Removing stm32f4xx_hal_i2c.o(.ARM.exidx.text.HAL_I2C_Master_Abort_IT), (8 bytes).
    Removing stm32f4xx_hal_i2c.o(.text.I2C_ITError), (346 bytes).
    Removing stm32f4xx_hal_i2c.o(.ARM.exidx.text.I2C_ITError), (8 bytes).
    Removing stm32f4xx_hal_i2c.o(.text.HAL_I2C_EV_IRQHandler), (1440 bytes).
    Removing stm32f4xx_hal_i2c.o(.ARM.exidx.text.HAL_I2C_EV_IRQHandler), (8 bytes).
    Removing stm32f4xx_hal_i2c.o(.text.I2C_MasterTransmit_TXE), (176 bytes).
    Removing stm32f4xx_hal_i2c.o(.ARM.exidx.text.I2C_MasterTransmit_TXE), (8 bytes).
    Removing stm32f4xx_hal_i2c.o(.text.I2C_MasterTransmit_BTF), (128 bytes).
    Removing stm32f4xx_hal_i2c.o(.ARM.exidx.text.I2C_MasterTransmit_BTF), (8 bytes).
    Removing stm32f4xx_hal_i2c.o(.text.I2C_MemoryTransmit_TXE_BTF), (162 bytes).
    Removing stm32f4xx_hal_i2c.o(.ARM.exidx.text.I2C_MemoryTransmit_TXE_BTF), (8 bytes).
    Removing stm32f4xx_hal_i2c.o(.text.I2C_MasterReceive_RXNE), (254 bytes).
    Removing stm32f4xx_hal_i2c.o(.ARM.exidx.text.I2C_MasterReceive_RXNE), (8 bytes).
    Removing stm32f4xx_hal_i2c.o(.text.I2C_MasterReceive_BTF), (226 bytes).
    Removing stm32f4xx_hal_i2c.o(.ARM.exidx.text.I2C_MasterReceive_BTF), (8 bytes).
    Removing stm32f4xx_hal_i2c.o(.text.HAL_I2C_ER_IRQHandler), (310 bytes).
    Removing stm32f4xx_hal_i2c.o(.ARM.exidx.text.HAL_I2C_ER_IRQHandler), (8 bytes).
    Removing stm32f4xx_hal_i2c.o(.text.HAL_I2C_MasterTxCpltCallback), (2 bytes).
    Removing stm32f4xx_hal_i2c.o(.ARM.exidx.text.HAL_I2C_MasterTxCpltCallback), (8 bytes).
    Removing stm32f4xx_hal_i2c.o(.text.HAL_I2C_MasterRxCpltCallback), (2 bytes).
    Removing stm32f4xx_hal_i2c.o(.ARM.exidx.text.HAL_I2C_MasterRxCpltCallback), (8 bytes).
    Removing stm32f4xx_hal_i2c.o(.text.HAL_I2C_SlaveTxCpltCallback), (2 bytes).
    Removing stm32f4xx_hal_i2c.o(.ARM.exidx.text.HAL_I2C_SlaveTxCpltCallback), (8 bytes).
    Removing stm32f4xx_hal_i2c.o(.text.HAL_I2C_SlaveRxCpltCallback), (2 bytes).
    Removing stm32f4xx_hal_i2c.o(.ARM.exidx.text.HAL_I2C_SlaveRxCpltCallback), (8 bytes).
    Removing stm32f4xx_hal_i2c.o(.text.HAL_I2C_AddrCallback), (2 bytes).
    Removing stm32f4xx_hal_i2c.o(.ARM.exidx.text.HAL_I2C_AddrCallback), (8 bytes).
    Removing stm32f4xx_hal_i2c.o(.text.HAL_I2C_ListenCpltCallback), (2 bytes).
    Removing stm32f4xx_hal_i2c.o(.ARM.exidx.text.HAL_I2C_ListenCpltCallback), (8 bytes).
    Removing stm32f4xx_hal_i2c.o(.text.HAL_I2C_MemTxCpltCallback), (2 bytes).
    Removing stm32f4xx_hal_i2c.o(.ARM.exidx.text.HAL_I2C_MemTxCpltCallback), (8 bytes).
    Removing stm32f4xx_hal_i2c.o(.text.HAL_I2C_MemRxCpltCallback), (2 bytes).
    Removing stm32f4xx_hal_i2c.o(.ARM.exidx.text.HAL_I2C_MemRxCpltCallback), (8 bytes).
    Removing stm32f4xx_hal_i2c.o(.text.HAL_I2C_ErrorCallback), (2 bytes).
    Removing stm32f4xx_hal_i2c.o(.ARM.exidx.text.HAL_I2C_ErrorCallback), (8 bytes).
    Removing stm32f4xx_hal_i2c.o(.text.HAL_I2C_AbortCpltCallback), (2 bytes).
    Removing stm32f4xx_hal_i2c.o(.ARM.exidx.text.HAL_I2C_AbortCpltCallback), (8 bytes).
    Removing stm32f4xx_hal_i2c.o(.text.HAL_I2C_GetState), (6 bytes).
    Removing stm32f4xx_hal_i2c.o(.ARM.exidx.text.HAL_I2C_GetState), (8 bytes).
    Removing stm32f4xx_hal_i2c.o(.text.HAL_I2C_GetMode), (6 bytes).
    Removing stm32f4xx_hal_i2c.o(.ARM.exidx.text.HAL_I2C_GetMode), (8 bytes).
    Removing stm32f4xx_hal_i2c.o(.text.HAL_I2C_GetError), (4 bytes).
    Removing stm32f4xx_hal_i2c.o(.ARM.exidx.text.HAL_I2C_GetError), (8 bytes).
    Removing stm32f4xx_hal_i2c.o(.text.I2C_WaitOnMasterAddressFlagUntilTimeout), (122 bytes).
    Removing stm32f4xx_hal_i2c.o(.ARM.exidx.text.I2C_WaitOnMasterAddressFlagUntilTimeout), (8 bytes).
    Removing stm32f4xx_hal_pwr.o(.text), (0 bytes).
    Removing stm32f4xx_hal_pwr.o(.text.HAL_PWR_DeInit), (26 bytes).
    Removing stm32f4xx_hal_pwr.o(.ARM.exidx.text.HAL_PWR_DeInit), (8 bytes).
    Removing stm32f4xx_hal_pwr.o(.text.HAL_PWR_EnableBkUpAccess), (30 bytes).
    Removing stm32f4xx_hal_pwr.o(.ARM.exidx.text.HAL_PWR_EnableBkUpAccess), (8 bytes).
    Removing stm32f4xx_hal_pwr.o(.text.HAL_PWR_DisableBkUpAccess), (30 bytes).
    Removing stm32f4xx_hal_pwr.o(.ARM.exidx.text.HAL_PWR_DisableBkUpAccess), (8 bytes).
    Removing stm32f4xx_hal_pwr.o(.text.HAL_PWR_ConfigPVD), (128 bytes).
    Removing stm32f4xx_hal_pwr.o(.ARM.exidx.text.HAL_PWR_ConfigPVD), (8 bytes).
    Removing stm32f4xx_hal_pwr.o(.text.HAL_PWR_EnablePVD), (12 bytes).
    Removing stm32f4xx_hal_pwr.o(.ARM.exidx.text.HAL_PWR_EnablePVD), (8 bytes).
    Removing stm32f4xx_hal_pwr.o(.text.HAL_PWR_DisablePVD), (12 bytes).
    Removing stm32f4xx_hal_pwr.o(.ARM.exidx.text.HAL_PWR_DisablePVD), (8 bytes).
    Removing stm32f4xx_hal_pwr.o(.text.HAL_PWR_EnableWakeUpPin), (16 bytes).
    Removing stm32f4xx_hal_pwr.o(.ARM.exidx.text.HAL_PWR_EnableWakeUpPin), (8 bytes).
    Removing stm32f4xx_hal_pwr.o(.text.HAL_PWR_DisableWakeUpPin), (18 bytes).
    Removing stm32f4xx_hal_pwr.o(.ARM.exidx.text.HAL_PWR_DisableWakeUpPin), (8 bytes).
    Removing stm32f4xx_hal_pwr.o(.text.HAL_PWR_EnterSLEEPMode), (30 bytes).
    Removing stm32f4xx_hal_pwr.o(.ARM.exidx.text.HAL_PWR_EnterSLEEPMode), (8 bytes).
    Removing stm32f4xx_hal_pwr.o(.text.HAL_PWR_EnterSTOPMode), (60 bytes).
    Removing stm32f4xx_hal_pwr.o(.ARM.exidx.text.HAL_PWR_EnterSTOPMode), (8 bytes).
    Removing stm32f4xx_hal_pwr.o(.text.HAL_PWR_EnterSTANDBYMode), (36 bytes).
    Removing stm32f4xx_hal_pwr.o(.ARM.exidx.text.HAL_PWR_EnterSTANDBYMode), (8 bytes).
    Removing stm32f4xx_hal_pwr.o(.text.HAL_PWR_PVD_IRQHandler), (30 bytes).
    Removing stm32f4xx_hal_pwr.o(.ARM.exidx.text.HAL_PWR_PVD_IRQHandler), (8 bytes).
    Removing stm32f4xx_hal_pwr.o(.text.HAL_PWR_PVDCallback), (2 bytes).
    Removing stm32f4xx_hal_pwr.o(.ARM.exidx.text.HAL_PWR_PVDCallback), (8 bytes).
    Removing stm32f4xx_hal_pwr.o(.text.HAL_PWR_EnableSleepOnExit), (18 bytes).
    Removing stm32f4xx_hal_pwr.o(.ARM.exidx.text.HAL_PWR_EnableSleepOnExit), (8 bytes).
    Removing stm32f4xx_hal_pwr.o(.text.HAL_PWR_DisableSleepOnExit), (18 bytes).
    Removing stm32f4xx_hal_pwr.o(.ARM.exidx.text.HAL_PWR_DisableSleepOnExit), (8 bytes).
    Removing stm32f4xx_hal_pwr.o(.text.HAL_PWR_EnableSEVOnPend), (18 bytes).
    Removing stm32f4xx_hal_pwr.o(.ARM.exidx.text.HAL_PWR_EnableSEVOnPend), (8 bytes).
    Removing stm32f4xx_hal_pwr.o(.text.HAL_PWR_DisableSEVOnPend), (18 bytes).
    Removing stm32f4xx_hal_pwr.o(.ARM.exidx.text.HAL_PWR_DisableSEVOnPend), (8 bytes).
    Removing stm32f4xx_hal_pwr_ex.o(.text), (0 bytes).
    Removing stm32f4xx_hal_pwr_ex.o(.text.HAL_PWREx_EnableBkUpReg), (54 bytes).
    Removing stm32f4xx_hal_pwr_ex.o(.ARM.exidx.text.HAL_PWREx_EnableBkUpReg), (8 bytes).
    Removing stm32f4xx_hal_pwr_ex.o(.text.HAL_PWREx_DisableBkUpReg), (54 bytes).
    Removing stm32f4xx_hal_pwr_ex.o(.ARM.exidx.text.HAL_PWREx_DisableBkUpReg), (8 bytes).
    Removing stm32f4xx_hal_pwr_ex.o(.text.HAL_PWREx_EnableFlashPowerDown), (12 bytes).
    Removing stm32f4xx_hal_pwr_ex.o(.ARM.exidx.text.HAL_PWREx_EnableFlashPowerDown), (8 bytes).
    Removing stm32f4xx_hal_pwr_ex.o(.text.HAL_PWREx_DisableFlashPowerDown), (12 bytes).
    Removing stm32f4xx_hal_pwr_ex.o(.ARM.exidx.text.HAL_PWREx_DisableFlashPowerDown), (8 bytes).
    Removing stm32f4xx_hal_pwr_ex.o(.text.HAL_PWREx_GetVoltageRange), (16 bytes).
    Removing stm32f4xx_hal_pwr_ex.o(.ARM.exidx.text.HAL_PWREx_GetVoltageRange), (8 bytes).
    Removing stm32f4xx_hal_pwr_ex.o(.text.HAL_PWREx_ControlVoltageScaling), (102 bytes).
    Removing stm32f4xx_hal_pwr_ex.o(.ARM.exidx.text.HAL_PWREx_ControlVoltageScaling), (8 bytes).
    Removing stm32f4xx_hal_rcc.o(.text), (0 bytes).
    Removing stm32f4xx_hal_rcc.o(.text.HAL_RCC_DeInit), (4 bytes).
    Removing stm32f4xx_hal_rcc.o(.ARM.exidx.text.HAL_RCC_DeInit), (8 bytes).
    Removing stm32f4xx_hal_rcc.o(.text.HAL_RCC_OscConfig), (860 bytes).
    Removing stm32f4xx_hal_rcc.o(.ARM.exidx.text.HAL_RCC_OscConfig), (8 bytes).
    Removing stm32f4xx_hal_rcc.o(.text.HAL_RCC_ClockConfig), (352 bytes).
    Removing stm32f4xx_hal_rcc.o(.ARM.exidx.text.HAL_RCC_ClockConfig), (8 bytes).
    Removing stm32f4xx_hal_rcc.o(.text.HAL_RCC_GetSysClockFreq), (104 bytes).
    Removing stm32f4xx_hal_rcc.o(.ARM.exidx.text.HAL_RCC_GetSysClockFreq), (8 bytes).
    Removing stm32f4xx_hal_rcc.o(.text.HAL_RCC_MCOConfig), (160 bytes).
    Removing stm32f4xx_hal_rcc.o(.ARM.exidx.text.HAL_RCC_MCOConfig), (8 bytes).
    Removing stm32f4xx_hal_rcc.o(.text.HAL_RCC_EnableCSS), (12 bytes).
    Removing stm32f4xx_hal_rcc.o(.ARM.exidx.text.HAL_RCC_EnableCSS), (8 bytes).
    Removing stm32f4xx_hal_rcc.o(.text.HAL_RCC_DisableCSS), (12 bytes).
    Removing stm32f4xx_hal_rcc.o(.ARM.exidx.text.HAL_RCC_DisableCSS), (8 bytes).
    Removing stm32f4xx_hal_rcc.o(.text.HAL_RCC_GetHCLKFreq), (12 bytes).
    Removing stm32f4xx_hal_rcc.o(.ARM.exidx.text.HAL_RCC_GetHCLKFreq), (8 bytes).
    Removing stm32f4xx_hal_rcc.o(.text.HAL_RCC_GetPCLK1Freq), (38 bytes).
    Removing stm32f4xx_hal_rcc.o(.ARM.exidx.text.HAL_RCC_GetPCLK1Freq), (8 bytes).
    Removing stm32f4xx_hal_rcc.o(.text.HAL_RCC_GetPCLK2Freq), (38 bytes).
    Removing stm32f4xx_hal_rcc.o(.ARM.exidx.text.HAL_RCC_GetPCLK2Freq), (8 bytes).
    Removing stm32f4xx_hal_rcc.o(.text.HAL_RCC_GetOscConfig), (150 bytes).
    Removing stm32f4xx_hal_rcc.o(.ARM.exidx.text.HAL_RCC_GetOscConfig), (8 bytes).
    Removing stm32f4xx_hal_rcc.o(.text.HAL_RCC_GetClockConfig), (62 bytes).
    Removing stm32f4xx_hal_rcc.o(.ARM.exidx.text.HAL_RCC_GetClockConfig), (8 bytes).
    Removing stm32f4xx_hal_rcc.o(.text.HAL_RCC_NMI_IRQHandler), (28 bytes).
    Removing stm32f4xx_hal_rcc.o(.ARM.exidx.text.HAL_RCC_NMI_IRQHandler), (8 bytes).
    Removing stm32f4xx_hal_rcc.o(.text.HAL_RCC_CSSCallback), (2 bytes).
    Removing stm32f4xx_hal_rcc.o(.ARM.exidx.text.HAL_RCC_CSSCallback), (8 bytes).
    Removing stm32f4xx_hal_rcc_ex.o(.text), (0 bytes).
    Removing stm32f4xx_hal_rcc_ex.o(.text.HAL_RCCEx_PeriphCLKConfig), (326 bytes).
    Removing stm32f4xx_hal_rcc_ex.o(.ARM.exidx.text.HAL_RCCEx_PeriphCLKConfig), (8 bytes).
    Removing stm32f4xx_hal_rcc_ex.o(.text.HAL_RCCEx_GetPeriphCLKConfig), (50 bytes).
    Removing stm32f4xx_hal_rcc_ex.o(.ARM.exidx.text.HAL_RCCEx_GetPeriphCLKConfig), (8 bytes).
    Removing stm32f4xx_hal_rcc_ex.o(.text.HAL_RCCEx_GetPeriphCLKFreq), (78 bytes).
    Removing stm32f4xx_hal_rcc_ex.o(.ARM.exidx.text.HAL_RCCEx_GetPeriphCLKFreq), (8 bytes).
    Removing stm32f4xx_hal_rcc_ex.o(.text.HAL_RCCEx_EnablePLLI2S), (104 bytes).
    Removing stm32f4xx_hal_rcc_ex.o(.ARM.exidx.text.HAL_RCCEx_EnablePLLI2S), (8 bytes).
    Removing stm32f4xx_hal_rcc_ex.o(.text.HAL_RCCEx_DisablePLLI2S), (52 bytes).
    Removing stm32f4xx_hal_rcc_ex.o(.ARM.exidx.text.HAL_RCCEx_DisablePLLI2S), (8 bytes).
    Removing stm32f4xx_hal_rcc_ex.o(.text.HAL_RCC_DeInit), (290 bytes).
    Removing stm32f4xx_hal_rcc_ex.o(.ARM.exidx.text.HAL_RCC_DeInit), (8 bytes).
    Removing system_stm32f4xx.o(.text), (0 bytes).
    Removing system_stm32f4xx.o(.ARM.exidx.text.SystemInit), (8 bytes).
    Removing system_stm32f4xx.o(.text.SystemCoreClockUpdate), (134 bytes).
    Removing system_stm32f4xx.o(.ARM.exidx.text.SystemCoreClockUpdate), (8 bytes).
    Removing system_stm32f4xx.o(.data.SystemCoreClock), (4 bytes).
    Removing system_stm32f4xx.o(.rodata.AHBPrescTable), (16 bytes).
    Removing system_stm32f4xx.o(.rodata.APBPrescTable), (8 bytes).

491 unused section(s) (total 33781 bytes) removed from the image.

==============================================================================

Image Symbol Table

    Local Symbols

    Symbol Name                              Value     Ov Type        Size  Object(Section)

    ../clib/angel/boardlib.s                 0x00000000   Number         0  boardinit1.o ABSOLUTE
    ../clib/angel/boardlib.s                 0x00000000   Number         0  boardinit2.o ABSOLUTE
    ../clib/angel/boardlib.s                 0x00000000   Number         0  boardinit3.o ABSOLUTE
    ../clib/angel/boardlib.s                 0x00000000   Number         0  boardshut.o ABSOLUTE
    ../clib/angel/handlers.s                 0x00000000   Number         0  __scatter_zi.o ABSOLUTE
    ../clib/angel/kernel.s                   0x00000000   Number         0  __rtentry.o ABSOLUTE
    ../clib/angel/kernel.s                   0x00000000   Number         0  __rtentry2.o ABSOLUTE
    ../clib/angel/kernel.s                   0x00000000   Number         0  __rtentry4.o ABSOLUTE
    ../clib/angel/kernel.s                   0x00000000   Number         0  rtexit.o ABSOLUTE
    ../clib/angel/kernel.s                   0x00000000   Number         0  rtexit2.o ABSOLUTE
    ../clib/angel/rt.s                       0x00000000   Number         0  aeabi_ldiv0.o ABSOLUTE
    ../clib/angel/rt.s                       0x00000000   Number         0  aeabi_ldiv0_sigfpe.o ABSOLUTE
    ../clib/angel/rt.s                       0x00000000   Number         0  rt_div0.o ABSOLUTE
    ../clib/angel/rt.s                       0x00000000   Number         0  rt_locale.o ABSOLUTE
    ../clib/angel/rt.s                       0x00000000   Number         0  rt_locale_intlibspace.o ABSOLUTE
    ../clib/angel/rt.s                       0x00000000   Number         0  rt_errno_addr.o ABSOLUTE
    ../clib/angel/rt.s                       0x00000000   Number         0  rt_errno_addr_intlibspace.o ABSOLUTE
    ../clib/angel/rt.s                       0x00000000   Number         0  rt_raise.o ABSOLUTE
    ../clib/angel/scatter.s                  0x00000000   Number         0  __scatter.o ABSOLUTE
    ../clib/angel/startup.s                  0x00000000   Number         0  __main.o ABSOLUTE
    ../clib/angel/sys.s                      0x00000000   Number         0  libspace.o ABSOLUTE
    ../clib/angel/sys.s                      0x00000000   Number         0  sys_stackheap_outer.o ABSOLUTE
    ../clib/angel/sys.s                      0x00000000   Number         0  use_no_semi.o ABSOLUTE
    ../clib/angel/sys.s                      0x00000000   Number         0  indicate_semi.o ABSOLUTE
    ../clib/angel/sysapp.c                   0x00000000   Number         0  sys_exit.o ABSOLUTE
    ../clib/angel/sysapp.c                   0x00000000   Number         0  sys_exit_hlt.o ABSOLUTE
    ../clib/angel/sysapp.c                   0x00000000   Number         0  sys_wrch.o ABSOLUTE
    ../clib/angel/sysapp.c                   0x00000000   Number         0  sys_command.o ABSOLUTE
    ../clib/angel/sysapp.c                   0x00000000   Number         0  sys_wrch_hlt.o ABSOLUTE
    ../clib/angel/sysapp.c                   0x00000000   Number         0  sys_command_hlt.o ABSOLUTE
    ../clib/armsys.c                         0x00000000   Number         0  argv_veneer.o ABSOLUTE
    ../clib/armsys.c                         0x00000000   Number         0  argv_veneer.o ABSOLUTE
    ../clib/armsys.c                         0x00000000   Number         0  _get_argv_nomalloc.o ABSOLUTE
    ../clib/armsys.c                         0x00000000   Number         0  no_argv.o ABSOLUTE
    ../clib/bigflt.c                         0x00000000   Number         0  bigflt0.o ABSOLUTE
    ../clib/btod.s                           0x00000000   Number         0  btod.o ABSOLUTE
    ../clib/btod_accurate.c                  0x00000000   Number         0  btod_accurate.o ABSOLUTE
    ../clib/btod_accurate.c                  0x00000000   Number         0  btod_accurate_common.o ABSOLUTE
    ../clib/fenv.c                           0x00000000   Number         0  _rserrno.o ABSOLUTE
    ../clib/heapalloc.c                      0x00000000   Number         0  hrguard.o ABSOLUTE
    ../clib/heapaux.c                        0x00000000   Number         0  heapauxi.o ABSOLUTE
    ../clib/libinit.s                        0x00000000   Number         0  libinit.o ABSOLUTE
    ../clib/libinit.s                        0x00000000   Number         0  libinit2.o ABSOLUTE
    ../clib/libinit.s                        0x00000000   Number         0  libshutdown.o ABSOLUTE
    ../clib/libinit.s                        0x00000000   Number         0  libshutdown2.o ABSOLUTE
    ../clib/locale.s                         0x00000000   Number         0  lc_numeric_c.o ABSOLUTE
    ../clib/longlong.s                       0x00000000   Number         0  lludivv7m.o ABSOLUTE
    ../clib/longlong.s                       0x00000000   Number         0  lludiv10.o ABSOLUTE
    ../clib/longlong.s                       0x00000000   Number         0  llushr.o ABSOLUTE
    ../clib/memcpset.s                       0x00000000   Number         0  strcmpv7em.o ABSOLUTE
    ../clib/misc.s                           0x00000000   Number         0  printf_stubs.o ABSOLUTE
    ../clib/printf.c                         0x00000000   Number         0  __2snprintf.o ABSOLUTE
    ../clib/printf.c                         0x00000000   Number         0  noretval__2snprintf.o ABSOLUTE
    ../clib/printf.c                         0x00000000   Number         0  __printf.o ABSOLUTE
    ../clib/printf.c                         0x00000000   Number         0  _printf_dec.o ABSOLUTE
    ../clib/printf.c                         0x00000000   Number         0  __printf_flags.o ABSOLUTE
    ../clib/printf.c                         0x00000000   Number         0  __printf_ss.o ABSOLUTE
    ../clib/printf.c                         0x00000000   Number         0  __printf_flags_ss.o ABSOLUTE
    ../clib/printf.c                         0x00000000   Number         0  __printf_wp.o ABSOLUTE
    ../clib/printf.c                         0x00000000   Number         0  __printf_flags_wp.o ABSOLUTE
    ../clib/printf.c                         0x00000000   Number         0  __printf_ss_wp.o ABSOLUTE
    ../clib/printf.c                         0x00000000   Number         0  __printf_flags_ss_wp.o ABSOLUTE
    ../clib/printf.c                         0x00000000   Number         0  _printf_intcommon.o ABSOLUTE
    ../clib/printf.c                         0x00000000   Number         0  _printf_fp_dec.o ABSOLUTE
    ../clib/printf.c                         0x00000000   Number         0  _printf_fp_dec_accurate.o ABSOLUTE
    ../clib/printf.c                         0x00000000   Number         0  _printf_char_common.o ABSOLUTE
    ../clib/printf.c                         0x00000000   Number         0  _snputc.o ABSOLUTE
    ../clib/printf.c                         0x00000000   Number         0  _printf_fp_infnan.o ABSOLUTE
    ../clib/printf.c                         0x00000000   Number         0  __printf_nopercent.o ABSOLUTE
    ../clib/printf_percent.s                 0x00000000   Number         0  _printf_u.o ABSOLUTE
    ../clib/printf_percent.s                 0x00000000   Number         0  _printf_f.o ABSOLUTE
    ../clib/printf_percent.s                 0x00000000   Number         0  _printf_percent.o ABSOLUTE
    ../clib/printf_percent.s                 0x00000000   Number         0  _printf_percent_end.o ABSOLUTE
    ../clib/signal.c                         0x00000000   Number         0  defsig_fpe_outer.o ABSOLUTE
    ../clib/signal.c                         0x00000000   Number         0  defsig_fpe_formal.o ABSOLUTE
    ../clib/signal.c                         0x00000000   Number         0  defsig_exit.o ABSOLUTE
    ../clib/signal.c                         0x00000000   Number         0  defsig_fpe_inner.o ABSOLUTE
    ../clib/signal.c                         0x00000000   Number         0  __raise.o ABSOLUTE
    ../clib/signal.c                         0x00000000   Number         0  defsig_general.o ABSOLUTE
    ../clib/signal.c                         0x00000000   Number         0  defsig_rtmem_outer.o ABSOLUTE
    ../clib/signal.c                         0x00000000   Number         0  defsig_rtmem_formal.o ABSOLUTE
    ../clib/signal.c                         0x00000000   Number         0  defsig_abrt_inner.o ABSOLUTE
    ../clib/signal.c                         0x00000000   Number         0  defsig_rtred_inner.o ABSOLUTE
    ../clib/signal.c                         0x00000000   Number         0  defsig_rtmem_inner.o ABSOLUTE
    ../clib/signal.c                         0x00000000   Number         0  defsig_stak_inner.o ABSOLUTE
    ../clib/signal.c                         0x00000000   Number         0  defsig_pvfn_inner.o ABSOLUTE
    ../clib/signal.c                         0x00000000   Number         0  defsig_cppl_inner.o ABSOLUTE
    ../clib/signal.c                         0x00000000   Number         0  defsig_segv_inner.o ABSOLUTE
    ../clib/signal.c                         0x00000000   Number         0  defsig_other.o ABSOLUTE
    ../clib/signal.s                         0x00000000   Number         0  defsig.o ABSOLUTE
    ../clib/stdlib.c                         0x00000000   Number         0  exit.o ABSOLUTE
    ../fplib/dretinf.s                       0x00000000   Number         0  dretinf.o ABSOLUTE
    ../fplib/f2d.s                           0x00000000   Number         0  f2d.o ABSOLUTE
    ../fplib/fnaninf.s                       0x00000000   Number         0  fnaninf.o ABSOLUTE
    ../fplib/fpinit.s                        0x00000000   Number         0  fpinit.o ABSOLUTE
    ../fplib/istatus.s                       0x00000000   Number         0  istatus.o ABSOLUTE
    ../fplib/printf1.s                       0x00000000   Number         0  printf1.o ABSOLUTE
    ../fplib/usenofp.s                       0x00000000   Number         0  usenofp.o ABSOLUTE
    ../mathlib/atanf.c                       0x00000000   Number         0  atanf.o ABSOLUTE
    ../mathlib/fpclassify.c                  0x00000000   Number         0  fpclassify.o ABSOLUTE
    ../mathlib/fpclassifyf.c                 0x00000000   Number         0  fpclassifyf.o ABSOLUTE
    ../mathlib/funder.c                      0x00000000   Number         0  funder.o ABSOLUTE
    ../mathlib/sqrtf.c                       0x00000000   Number         0  sqrtf.o ABSOLUTE
    RTE/Device/STM32F407IGTx/startup_stm32f407xx.s 0x00000000   Number         0  startup_stm32f407xx.o ABSOLUTE
    dc.s                                     0x00000000   Number         0  dc.o ABSOLUTE
    main.c                                   0x00000000   Number         0  main.o ABSOLUTE
    stm32f4xx_hal.c                          0x00000000   Number         0  stm32f4xx_hal.o ABSOLUTE
    stm32f4xx_hal_adc.c                      0x00000000   Number         0  stm32f4xx_hal_adc.o ABSOLUTE
    stm32f4xx_hal_adc_ex.c                   0x00000000   Number         0  stm32f4xx_hal_adc_ex.o ABSOLUTE
    stm32f4xx_hal_cortex.c                   0x00000000   Number         0  stm32f4xx_hal_cortex.o ABSOLUTE
    stm32f4xx_hal_dma.c                      0x00000000   Number         0  stm32f4xx_hal_dma.o ABSOLUTE
    stm32f4xx_hal_dma_ex.c                   0x00000000   Number         0  stm32f4xx_hal_dma_ex.o ABSOLUTE
    stm32f4xx_hal_gpio.c                     0x00000000   Number         0  stm32f4xx_hal_gpio.o ABSOLUTE
    stm32f4xx_hal_i2c.c                      0x00000000   Number         0  stm32f4xx_hal_i2c.o ABSOLUTE
    stm32f4xx_hal_pwr.c                      0x00000000   Number         0  stm32f4xx_hal_pwr.o ABSOLUTE
    stm32f4xx_hal_pwr_ex.c                   0x00000000   Number         0  stm32f4xx_hal_pwr_ex.o ABSOLUTE
    stm32f4xx_hal_rcc.c                      0x00000000   Number         0  stm32f4xx_hal_rcc.o ABSOLUTE
    stm32f4xx_hal_rcc_ex.c                   0x00000000   Number         0  stm32f4xx_hal_rcc_ex.o ABSOLUTE
    system_stm32f4xx.c                       0x00000000   Number         0  system_stm32f4xx.o ABSOLUTE
    RESET                                    0x08000000   Section      392  startup_stm32f407xx.o(RESET)
    !!!main                                  0x08000188   Section        8  __main.o(!!!main)
    !!!scatter                               0x08000190   Section       92  __scatter.o(!!!scatter)
    !!handler_null                           0x080001ec   Section        2  __scatter.o(!!handler_null)
    !!handler_zi                             0x080001f0   Section       28  __scatter_zi.o(!!handler_zi)
    .ARM.Collect$$_printf_percent$$00000000  0x0800020c   Section        0  _printf_percent.o(.ARM.Collect$$_printf_percent$$00000000)
    .ARM.Collect$$_printf_percent$$00000003  0x0800020c   Section        6  _printf_f.o(.ARM.Collect$$_printf_percent$$00000003)
    .ARM.Collect$$_printf_percent$$0000000A  0x08000212   Section        6  _printf_u.o(.ARM.Collect$$_printf_percent$$0000000A)
    .ARM.Collect$$_printf_percent$$00000017  0x08000218   Section        4  _printf_percent_end.o(.ARM.Collect$$_printf_percent$$00000017)
    .ARM.Collect$$libinit$$00000000          0x0800021c   Section        2  libinit.o(.ARM.Collect$$libinit$$00000000)
    .ARM.Collect$$libinit$$00000001          0x0800021e   Section        4  libinit2.o(.ARM.Collect$$libinit$$00000001)
    .ARM.Collect$$libinit$$00000004          0x08000222   Section        0  libinit2.o(.ARM.Collect$$libinit$$00000004)
    .ARM.Collect$$libinit$$00000006          0x08000222   Section        0  libinit2.o(.ARM.Collect$$libinit$$00000006)
    .ARM.Collect$$libinit$$0000000C          0x08000222   Section        0  libinit2.o(.ARM.Collect$$libinit$$0000000C)
    .ARM.Collect$$libinit$$0000000E          0x08000222   Section        0  libinit2.o(.ARM.Collect$$libinit$$0000000E)
    .ARM.Collect$$libinit$$00000010          0x08000222   Section        0  libinit2.o(.ARM.Collect$$libinit$$00000010)
    .ARM.Collect$$libinit$$00000011          0x08000222   Section        6  libinit2.o(.ARM.Collect$$libinit$$00000011)
    .ARM.Collect$$libinit$$00000013          0x08000228   Section        0  libinit2.o(.ARM.Collect$$libinit$$00000013)
    .ARM.Collect$$libinit$$00000015          0x08000228   Section        0  libinit2.o(.ARM.Collect$$libinit$$00000015)
    .ARM.Collect$$libinit$$00000017          0x08000228   Section        0  libinit2.o(.ARM.Collect$$libinit$$00000017)
    .ARM.Collect$$libinit$$00000018          0x08000228   Section       10  libinit2.o(.ARM.Collect$$libinit$$00000018)
    .ARM.Collect$$libinit$$00000019          0x08000232   Section        0  libinit2.o(.ARM.Collect$$libinit$$00000019)
    .ARM.Collect$$libinit$$0000001B          0x08000232   Section        0  libinit2.o(.ARM.Collect$$libinit$$0000001B)
    .ARM.Collect$$libinit$$0000001D          0x08000232   Section        0  libinit2.o(.ARM.Collect$$libinit$$0000001D)
    .ARM.Collect$$libinit$$0000001F          0x08000232   Section        0  libinit2.o(.ARM.Collect$$libinit$$0000001F)
    .ARM.Collect$$libinit$$00000021          0x08000232   Section        0  libinit2.o(.ARM.Collect$$libinit$$00000021)
    .ARM.Collect$$libinit$$00000023          0x08000232   Section        0  libinit2.o(.ARM.Collect$$libinit$$00000023)
    .ARM.Collect$$libinit$$00000025          0x08000232   Section        0  libinit2.o(.ARM.Collect$$libinit$$00000025)
    .ARM.Collect$$libinit$$00000027          0x08000232   Section        0  libinit2.o(.ARM.Collect$$libinit$$00000027)
    .ARM.Collect$$libinit$$0000002E          0x08000232   Section        0  libinit2.o(.ARM.Collect$$libinit$$0000002E)
    .ARM.Collect$$libinit$$00000030          0x08000232   Section        0  libinit2.o(.ARM.Collect$$libinit$$00000030)
    .ARM.Collect$$libinit$$00000032          0x08000232   Section        0  libinit2.o(.ARM.Collect$$libinit$$00000032)
    .ARM.Collect$$libinit$$00000034          0x08000232   Section        0  libinit2.o(.ARM.Collect$$libinit$$00000034)
    .ARM.Collect$$libinit$$00000035          0x08000232   Section        2  libinit2.o(.ARM.Collect$$libinit$$00000035)
    .ARM.Collect$$libshutdown$$00000000      0x08000234   Section        2  libshutdown.o(.ARM.Collect$$libshutdown$$00000000)
    .ARM.Collect$$libshutdown$$00000002      0x08000236   Section        0  libshutdown2.o(.ARM.Collect$$libshutdown$$00000002)
    .ARM.Collect$$libshutdown$$00000004      0x08000236   Section        0  libshutdown2.o(.ARM.Collect$$libshutdown$$00000004)
    .ARM.Collect$$libshutdown$$00000007      0x08000236   Section        0  libshutdown2.o(.ARM.Collect$$libshutdown$$00000007)
    .ARM.Collect$$libshutdown$$0000000A      0x08000236   Section        0  libshutdown2.o(.ARM.Collect$$libshutdown$$0000000A)
    .ARM.Collect$$libshutdown$$0000000C      0x08000236   Section        0  libshutdown2.o(.ARM.Collect$$libshutdown$$0000000C)
    .ARM.Collect$$libshutdown$$0000000F      0x08000236   Section        0  libshutdown2.o(.ARM.Collect$$libshutdown$$0000000F)
    .ARM.Collect$$libshutdown$$00000010      0x08000236   Section        2  libshutdown2.o(.ARM.Collect$$libshutdown$$00000010)
    .ARM.Collect$$rtentry$$00000000          0x08000238   Section        0  __rtentry.o(.ARM.Collect$$rtentry$$00000000)
    .ARM.Collect$$rtentry$$00000002          0x08000238   Section        0  __rtentry2.o(.ARM.Collect$$rtentry$$00000002)
    .ARM.Collect$$rtentry$$00000004          0x08000238   Section        6  __rtentry4.o(.ARM.Collect$$rtentry$$00000004)
    .ARM.Collect$$rtentry$$00000009          0x0800023e   Section        0  __rtentry2.o(.ARM.Collect$$rtentry$$00000009)
    .ARM.Collect$$rtentry$$0000000A          0x0800023e   Section        4  __rtentry2.o(.ARM.Collect$$rtentry$$0000000A)
    .ARM.Collect$$rtentry$$0000000C          0x08000242   Section        0  __rtentry2.o(.ARM.Collect$$rtentry$$0000000C)
    .ARM.Collect$$rtentry$$0000000D          0x08000242   Section        8  __rtentry2.o(.ARM.Collect$$rtentry$$0000000D)
    .ARM.Collect$$rtexit$$00000000           0x0800024a   Section        2  rtexit.o(.ARM.Collect$$rtexit$$00000000)
    .ARM.Collect$$rtexit$$00000002           0x0800024c   Section        0  rtexit2.o(.ARM.Collect$$rtexit$$00000002)
    .ARM.Collect$$rtexit$$00000003           0x0800024c   Section        4  rtexit2.o(.ARM.Collect$$rtexit$$00000003)
    .ARM.Collect$$rtexit$$00000004           0x08000250   Section        6  rtexit2.o(.ARM.Collect$$rtexit$$00000004)
    $v0                                      0x08000258   Number         0  startup_stm32f407xx.o(.text)
    .text                                    0x08000258   Section       64  startup_stm32f407xx.o(.text)
    .text                                    0x08000298   Section        0  noretval__2snprintf.o(.text)
    .text                                    0x080002d8   Section        0  _printf_dec.o(.text)
    .text                                    0x08000350   Section        0  __printf_ss_wp.o(.text)
    .text                                    0x080004b0   Section        0  heapauxi.o(.text)
    .text                                    0x080004b6   Section        0  _rserrno.o(.text)
    .text                                    0x080004cc   Section        0  _printf_intcommon.o(.text)
    _fp_digits                               0x0800057f   Thumb Code   432  _printf_fp_dec.o(.text)
    .text                                    0x0800057e   Section        0  _printf_fp_dec.o(.text)
    _printf_input_char                       0x0800099d   Thumb Code    10  _printf_char_common.o(.text)
    .text                                    0x0800099c   Section        0  _printf_char_common.o(.text)
    .text                                    0x080009cc   Section        0  _snputc.o(.text)
    .text                                    0x080009dc   Section        8  rt_locale_intlibspace.o(.text)
    .text                                    0x080009e4   Section        8  rt_errno_addr_intlibspace.o(.text)
    .text                                    0x080009ec   Section      138  lludiv10.o(.text)
    .text                                    0x08000a78   Section        0  _printf_fp_infnan.o(.text)
    .text                                    0x08000af8   Section        0  bigflt0.o(.text)
    .text                                    0x08000bdc   Section        8  libspace.o(.text)
    .text                                    0x08000be4   Section       74  sys_stackheap_outer.o(.text)
    .text                                    0x08000c2e   Section        0  exit.o(.text)
    .text                                    0x08000c40   Section      124  strcmpv7em.o(.text)
    .text                                    0x08000cbc   Section        0  sys_exit.o(.text)
    .text                                    0x08000cc8   Section        2  use_no_semi.o(.text)
    .text                                    0x08000cca   Section        0  indicate_semi.o(.text)
    [Anonymous Symbol]                       0x08000ccc   Section        0  main.o(.text.I2C1_Bus_Recovery)
    [Anonymous Symbol]                       0x08000df4   Section        0  main.o(.text.I2C1_ReadBytes)
    [Anonymous Symbol]                       0x08000ee4   Section        0  main.o(.text.MPU_Init)
    [Anonymous Symbol]                       0x08000fbc   Section        0  main.o(.text.SysTick_Handler)
    [Anonymous Symbol]                       0x08000fcc   Section        0  system_stm32f4xx.o(.text.SystemInit)
    [Anonymous Symbol]                       0x08001024   Section        0  main.o(.text.calculate_IMU_error)
    [Anonymous Symbol]                       0x080012a8   Section        0  main.o(.text.main)
    __arm_cp.20_14                           0x080015b4   Number         4  main.o(.text.main)
    __arm_cp.20_15                           0x080015b8   Number         4  main.o(.text.main)
    __arm_cp.20_16                           0x080015bc   Number         4  main.o(.text.main)
    __arm_cp.20_17                           0x080015c0   Number         4  main.o(.text.main)
    __arm_cp.20_18                           0x080015c4   Number         4  main.o(.text.main)
    __arm_cp.20_19                           0x080015c8   Number         4  main.o(.text.main)
    __arm_cp.20_20                           0x080015cc   Number         4  main.o(.text.main)
    __arm_cp.20_21                           0x080015d0   Number         4  main.o(.text.main)
    __arm_cp.20_22                           0x080015d4   Number         4  main.o(.text.main)
    CL$$btod_d2e                             0x08001980   Section       62  btod.o(CL$$btod_d2e)
    CL$$btod_d2e_denorm_low                  0x080019be   Section       70  btod.o(CL$$btod_d2e_denorm_low)
    CL$$btod_d2e_norm_op1                    0x08001a04   Section       96  btod.o(CL$$btod_d2e_norm_op1)
    CL$$btod_div_common                      0x08001a64   Section      824  btod.o(CL$$btod_div_common)
    CL$$btod_e2e                             0x08001d9c   Section      220  btod.o(CL$$btod_e2e)
    CL$$btod_ediv                            0x08001e78   Section       42  btod.o(CL$$btod_ediv)
    CL$$btod_emul                            0x08001ea2   Section       42  btod.o(CL$$btod_emul)
    CL$$btod_mult_common                     0x08001ecc   Section      580  btod.o(CL$$btod_mult_common)
    i.__ARM_fpclassify                       0x08002110   Section        0  fpclassify.o(i.__ARM_fpclassify)
    i.__ARM_fpclassifyf                      0x08002140   Section        0  fpclassifyf.o(i.__ARM_fpclassifyf)
    i.__hardfp_atanf                         0x08002168   Section        0  atanf.o(i.__hardfp_atanf)
    i.__hardfp_sqrtf                         0x080022c8   Section        0  sqrtf.o(i.__hardfp_sqrtf)
    i.__mathlib_flt_infnan                   0x08002302   Section        0  funder.o(i.__mathlib_flt_infnan)
    i.__mathlib_flt_underflow                0x08002308   Section        0  funder.o(i.__mathlib_flt_underflow)
    i._is_digit                              0x08002318   Section        0  __printf_wp.o(i._is_digit)
    locale$$code                             0x08002328   Section       44  lc_numeric_c.o(locale$$code)
    $v0                                      0x08002354   Number         0  dretinf.o(x$fpl$dretinf)
    x$fpl$dretinf                            0x08002354   Section       12  dretinf.o(x$fpl$dretinf)
    $v0                                      0x08002360   Number         0  f2d.o(x$fpl$f2d)
    x$fpl$f2d                                0x08002360   Section       86  f2d.o(x$fpl$f2d)
    $v0                                      0x080023b6   Number         0  fnaninf.o(x$fpl$fnaninf)
    x$fpl$fnaninf                            0x080023b6   Section      140  fnaninf.o(x$fpl$fnaninf)
    $v0                                      0x08002442   Number         0  fpinit.o(x$fpl$fpinit)
    x$fpl$fpinit                             0x08002442   Section       26  fpinit.o(x$fpl$fpinit)
    $v0                                      0x0800245c   Number         0  printf1.o(x$fpl$printf1)
    x$fpl$printf1                            0x0800245c   Section        4  printf1.o(x$fpl$printf1)
    tenpwrs_x                                0x08002460   Data          60  bigflt0.o(.constdata)
    .constdata                               0x08002460   Section      148  bigflt0.o(.constdata)
    x$fpl$usenofp                            0x08002460   Section        0  usenofp.o(x$fpl$usenofp)
    tenpwrs_i                                0x0800249c   Data          64  bigflt0.o(.constdata)
    .L__const.MPU_Init.configData            0x080024f4   Data           6  main.o(.rodata..L__const.MPU_Init.configData)
    .L.str                                   0x080024fa   Data          19  main.o(.rodata.str1.1)
    [Anonymous Symbol]                       0x080024fa   Section        0  main.o(.rodata.str1.1)
    locale$$data                             0x08002520   Section       28  lc_numeric_c.o(locale$$data)
    __lcnum_c_name                           0x08002524   Data           2  lc_numeric_c.o(locale$$data)
    __lcnum_c_start                          0x0800252c   Data           0  lc_numeric_c.o(locale$$data)
    __lcnum_c_point                          0x08002538   Data           0  lc_numeric_c.o(locale$$data)
    __lcnum_c_thousands                      0x0800253a   Data           0  lc_numeric_c.o(locale$$data)
    __lcnum_c_grouping                       0x0800253b   Data           0  lc_numeric_c.o(locale$$data)
    __lcnum_c_end                            0x0800253c   Data           0  lc_numeric_c.o(locale$$data)
    .bss                                     0x20000000   Section       96  libspace.o(.bss)
    main.left_clicked                        0x2000007c   Data           1  main.o(.bss.main.left_clicked)
    [Anonymous Symbol]                       0x2000007c   Section        0  main.o(.bss.main.left_clicked)
    main.right_clicked                       0x20000080   Data           1  main.o(.bss.main.right_clicked)
    [Anonymous Symbol]                       0x20000080   Section        0  main.o(.bss.main.right_clicked)
    Heap_Mem                                 0x20000098   Data         512  startup_stm32f407xx.o(HEAP)
    HEAP                                     0x20000098   Section      512  startup_stm32f407xx.o(HEAP)
    Stack_Mem                                0x20000298   Data        1024  startup_stm32f407xx.o(STACK)
    STACK                                    0x20000298   Section     1024  startup_stm32f407xx.o(STACK)
    __initial_sp                             0x20000698   Data           0  startup_stm32f407xx.o(STACK)

    Global Symbols

    Symbol Name                              Value     Ov Type        Size  Object(Section)

    BuildAttributes$$THM_ISAv4$E$P$D$K$B$S$7EM$VFPi3$EXTD16$VFPS$VFMA$PE$A:L22UL41UL21$X:L11$S22US41US21$IEEE1$IW$~IW$USESV6$~STKCKD$USESV7$~SHL$OTIME$ROPI$IEEEX$EBA8$UX$STANDARDLIB$REQ8$PRES8$EABIv2 0x00000000   Number         0  anon$$obj.o ABSOLUTE
    _printf_flags                            0x00000000   Number         0  printf_stubs.o ABSOLUTE
    _printf_return_value                     0x00000000   Number         0  printf_stubs.o ABSOLUTE
    _printf_sizespec                         0x00000000   Number         0  printf_stubs.o ABSOLUTE
    _printf_widthprec                        0x00000000   Number         0  printf_stubs.o ABSOLUTE
    __ARM_exceptions_init                     - Undefined Weak Reference
    __alloca_initialize                       - Undefined Weak Reference
    __arm_preinit_                            - Undefined Weak Reference
    __arm_relocate_pie_                       - Undefined Weak Reference
    __cpp_initialize__aeabi_                  - Undefined Weak Reference
    __cxa_finalize                            - Undefined Weak Reference
    __sigvec_lookup                           - Undefined Weak Reference
    _atexit_init                              - Undefined Weak Reference
    _call_atexit_fns                          - Undefined Weak Reference
    _clock_init                               - Undefined Weak Reference
    _fp_trap_init                             - Undefined Weak Reference
    _fp_trap_shutdown                         - Undefined Weak Reference
    _get_lc_collate                           - Undefined Weak Reference
    _get_lc_ctype                             - Undefined Weak Reference
    _get_lc_monetary                          - Undefined Weak Reference
    _get_lc_time                              - Undefined Weak Reference
    _getenv_init                              - Undefined Weak Reference
    _handle_redirection                       - Undefined Weak Reference
    _init_alloc                               - Undefined Weak Reference
    _init_user_alloc                          - Undefined Weak Reference
    _initio                                   - Undefined Weak Reference
    _printf_post_padding                      - Undefined Weak Reference
    _printf_pre_padding                       - Undefined Weak Reference
    _printf_truncate_signed                   - Undefined Weak Reference
    _printf_truncate_unsigned                 - Undefined Weak Reference
    _rand_init                                - Undefined Weak Reference
    _signal_finish                            - Undefined Weak Reference
    _signal_init                              - Undefined Weak Reference
    _terminate_alloc                          - Undefined Weak Reference
    _terminate_user_alloc                     - Undefined Weak Reference
    _terminateio                              - Undefined Weak Reference
    __Vectors_Size                           0x00000188   Number         0  startup_stm32f407xx.o ABSOLUTE
    __Vectors                                0x08000000   Data           4  startup_stm32f407xx.o(RESET)
    __Vectors_End                            0x08000188   Data           0  startup_stm32f407xx.o(RESET)
    __main                                   0x08000189   Thumb Code     8  __main.o(!!!main)
    __scatterload                            0x08000191   Thumb Code     0  __scatter.o(!!!scatter)
    __scatterload_rt2                        0x08000191   Thumb Code    84  __scatter.o(!!!scatter)
    __scatterload_rt2_thumb_only             0x08000191   Thumb Code     0  __scatter.o(!!!scatter)
    __scatterload_loop                       0x0800019b   Thumb Code     0  __scatter.o(!!!scatter)
    __scatterload_null                       0x080001ed   Thumb Code     2  __scatter.o(!!handler_null)
    __scatterload_zeroinit                   0x080001f1   Thumb Code    28  __scatter_zi.o(!!handler_zi)
    _printf_f                                0x0800020d   Thumb Code     0  _printf_f.o(.ARM.Collect$$_printf_percent$$00000003)
    _printf_percent                          0x0800020d   Thumb Code     0  _printf_percent.o(.ARM.Collect$$_printf_percent$$00000000)
    _printf_u                                0x08000213   Thumb Code     0  _printf_u.o(.ARM.Collect$$_printf_percent$$0000000A)
    _printf_percent_end                      0x08000219   Thumb Code     0  _printf_percent_end.o(.ARM.Collect$$_printf_percent$$00000017)
    __rt_lib_init                            0x0800021d   Thumb Code     0  libinit.o(.ARM.Collect$$libinit$$00000000)
    __rt_lib_init_fp_1                       0x0800021f   Thumb Code     0  libinit2.o(.ARM.Collect$$libinit$$00000001)
    __rt_lib_init_heap_1                     0x08000223   Thumb Code     0  libinit2.o(.ARM.Collect$$libinit$$0000000C)
    __rt_lib_init_lc_common                  0x08000223   Thumb Code     0  libinit2.o(.ARM.Collect$$libinit$$00000011)
    __rt_lib_init_preinit_1                  0x08000223   Thumb Code     0  libinit2.o(.ARM.Collect$$libinit$$00000006)
    __rt_lib_init_rand_1                     0x08000223   Thumb Code     0  libinit2.o(.ARM.Collect$$libinit$$00000010)
    __rt_lib_init_relocate_pie_1             0x08000223   Thumb Code     0  libinit2.o(.ARM.Collect$$libinit$$00000004)
    __rt_lib_init_user_alloc_1               0x08000223   Thumb Code     0  libinit2.o(.ARM.Collect$$libinit$$0000000E)
    __rt_lib_init_lc_collate_1               0x08000229   Thumb Code     0  libinit2.o(.ARM.Collect$$libinit$$00000013)
    __rt_lib_init_lc_ctype_1                 0x08000229   Thumb Code     0  libinit2.o(.ARM.Collect$$libinit$$00000015)
    __rt_lib_init_lc_monetary_1              0x08000229   Thumb Code     0  libinit2.o(.ARM.Collect$$libinit$$00000017)
    __rt_lib_init_lc_numeric_2               0x08000229   Thumb Code     0  libinit2.o(.ARM.Collect$$libinit$$00000018)
    __rt_lib_init_alloca_1                   0x08000233   Thumb Code     0  libinit2.o(.ARM.Collect$$libinit$$00000030)
    __rt_lib_init_argv_1                     0x08000233   Thumb Code     0  libinit2.o(.ARM.Collect$$libinit$$0000002E)
    __rt_lib_init_atexit_1                   0x08000233   Thumb Code     0  libinit2.o(.ARM.Collect$$libinit$$0000001D)
    __rt_lib_init_clock_1                    0x08000233   Thumb Code     0  libinit2.o(.ARM.Collect$$libinit$$00000023)
    __rt_lib_init_cpp_1                      0x08000233   Thumb Code     0  libinit2.o(.ARM.Collect$$libinit$$00000034)
    __rt_lib_init_exceptions_1               0x08000233   Thumb Code     0  libinit2.o(.ARM.Collect$$libinit$$00000032)
    __rt_lib_init_fp_trap_1                  0x08000233   Thumb Code     0  libinit2.o(.ARM.Collect$$libinit$$00000021)
    __rt_lib_init_getenv_1                   0x08000233   Thumb Code     0  libinit2.o(.ARM.Collect$$libinit$$00000025)
    __rt_lib_init_lc_numeric_1               0x08000233   Thumb Code     0  libinit2.o(.ARM.Collect$$libinit$$00000019)
    __rt_lib_init_lc_time_1                  0x08000233   Thumb Code     0  libinit2.o(.ARM.Collect$$libinit$$0000001B)
    __rt_lib_init_return                     0x08000233   Thumb Code     0  libinit2.o(.ARM.Collect$$libinit$$00000035)
    __rt_lib_init_signal_1                   0x08000233   Thumb Code     0  libinit2.o(.ARM.Collect$$libinit$$0000001F)
    __rt_lib_init_stdio_1                    0x08000233   Thumb Code     0  libinit2.o(.ARM.Collect$$libinit$$00000027)
    __rt_lib_shutdown                        0x08000235   Thumb Code     0  libshutdown.o(.ARM.Collect$$libshutdown$$00000000)
    __rt_lib_shutdown_cpp_1                  0x08000237   Thumb Code     0  libshutdown2.o(.ARM.Collect$$libshutdown$$00000002)
    __rt_lib_shutdown_fp_trap_1              0x08000237   Thumb Code     0  libshutdown2.o(.ARM.Collect$$libshutdown$$00000007)
    __rt_lib_shutdown_heap_1                 0x08000237   Thumb Code     0  libshutdown2.o(.ARM.Collect$$libshutdown$$0000000F)
    __rt_lib_shutdown_return                 0x08000237   Thumb Code     0  libshutdown2.o(.ARM.Collect$$libshutdown$$00000010)
    __rt_lib_shutdown_signal_1               0x08000237   Thumb Code     0  libshutdown2.o(.ARM.Collect$$libshutdown$$0000000A)
    __rt_lib_shutdown_stdio_1                0x08000237   Thumb Code     0  libshutdown2.o(.ARM.Collect$$libshutdown$$00000004)
    __rt_lib_shutdown_user_alloc_1           0x08000237   Thumb Code     0  libshutdown2.o(.ARM.Collect$$libshutdown$$0000000C)
    __rt_entry                               0x08000239   Thumb Code     0  __rtentry.o(.ARM.Collect$$rtentry$$00000000)
    __rt_entry_presh_1                       0x08000239   Thumb Code     0  __rtentry2.o(.ARM.Collect$$rtentry$$00000002)
    __rt_entry_sh                            0x08000239   Thumb Code     0  __rtentry4.o(.ARM.Collect$$rtentry$$00000004)
    __rt_entry_li                            0x0800023f   Thumb Code     0  __rtentry2.o(.ARM.Collect$$rtentry$$0000000A)
    __rt_entry_postsh_1                      0x0800023f   Thumb Code     0  __rtentry2.o(.ARM.Collect$$rtentry$$00000009)
    __rt_entry_main                          0x08000243   Thumb Code     0  __rtentry2.o(.ARM.Collect$$rtentry$$0000000D)
    __rt_entry_postli_1                      0x08000243   Thumb Code     0  __rtentry2.o(.ARM.Collect$$rtentry$$0000000C)
    __rt_exit                                0x0800024b   Thumb Code     0  rtexit.o(.ARM.Collect$$rtexit$$00000000)
    __rt_exit_ls                             0x0800024d   Thumb Code     0  rtexit2.o(.ARM.Collect$$rtexit$$00000003)
    __rt_exit_prels_1                        0x0800024d   Thumb Code     0  rtexit2.o(.ARM.Collect$$rtexit$$00000002)
    __rt_exit_exit                           0x08000251   Thumb Code     0  rtexit2.o(.ARM.Collect$$rtexit$$00000004)
    Reset_Handler                            0x08000259   Thumb Code     8  startup_stm32f407xx.o(.text)
    NMI_Handler                              0x08000261   Thumb Code     2  startup_stm32f407xx.o(.text)
    HardFault_Handler                        0x08000263   Thumb Code     2  startup_stm32f407xx.o(.text)
    MemManage_Handler                        0x08000265   Thumb Code     2  startup_stm32f407xx.o(.text)
    BusFault_Handler                         0x08000267   Thumb Code     2  startup_stm32f407xx.o(.text)
    UsageFault_Handler                       0x08000269   Thumb Code     2  startup_stm32f407xx.o(.text)
    SVC_Handler                              0x0800026b   Thumb Code     2  startup_stm32f407xx.o(.text)
    DebugMon_Handler                         0x0800026d   Thumb Code     2  startup_stm32f407xx.o(.text)
    PendSV_Handler                           0x0800026f   Thumb Code     2  startup_stm32f407xx.o(.text)
    ADC_IRQHandler                           0x08000273   Thumb Code     0  startup_stm32f407xx.o(.text)
    CAN1_RX0_IRQHandler                      0x08000273   Thumb Code     0  startup_stm32f407xx.o(.text)
    CAN1_RX1_IRQHandler                      0x08000273   Thumb Code     0  startup_stm32f407xx.o(.text)
    CAN1_SCE_IRQHandler                      0x08000273   Thumb Code     0  startup_stm32f407xx.o(.text)
    CAN1_TX_IRQHandler                       0x08000273   Thumb Code     0  startup_stm32f407xx.o(.text)
    CAN2_RX0_IRQHandler                      0x08000273   Thumb Code     0  startup_stm32f407xx.o(.text)
    CAN2_RX1_IRQHandler                      0x08000273   Thumb Code     0  startup_stm32f407xx.o(.text)
    CAN2_SCE_IRQHandler                      0x08000273   Thumb Code     0  startup_stm32f407xx.o(.text)
    CAN2_TX_IRQHandler                       0x08000273   Thumb Code     0  startup_stm32f407xx.o(.text)
    DCMI_IRQHandler                          0x08000273   Thumb Code     0  startup_stm32f407xx.o(.text)
    DMA1_Stream0_IRQHandler                  0x08000273   Thumb Code     0  startup_stm32f407xx.o(.text)
    DMA1_Stream1_IRQHandler                  0x08000273   Thumb Code     0  startup_stm32f407xx.o(.text)
    DMA1_Stream2_IRQHandler                  0x08000273   Thumb Code     0  startup_stm32f407xx.o(.text)
    DMA1_Stream3_IRQHandler                  0x08000273   Thumb Code     0  startup_stm32f407xx.o(.text)
    DMA1_Stream4_IRQHandler                  0x08000273   Thumb Code     0  startup_stm32f407xx.o(.text)
    DMA1_Stream5_IRQHandler                  0x08000273   Thumb Code     0  startup_stm32f407xx.o(.text)
    DMA1_Stream6_IRQHandler                  0x08000273   Thumb Code     0  startup_stm32f407xx.o(.text)
    DMA1_Stream7_IRQHandler                  0x08000273   Thumb Code     0  startup_stm32f407xx.o(.text)
    DMA2_Stream0_IRQHandler                  0x08000273   Thumb Code     0  startup_stm32f407xx.o(.text)
    DMA2_Stream1_IRQHandler                  0x08000273   Thumb Code     0  startup_stm32f407xx.o(.text)
    DMA2_Stream2_IRQHandler                  0x08000273   Thumb Code     0  startup_stm32f407xx.o(.text)
    DMA2_Stream3_IRQHandler                  0x08000273   Thumb Code     0  startup_stm32f407xx.o(.text)
    DMA2_Stream4_IRQHandler                  0x08000273   Thumb Code     0  startup_stm32f407xx.o(.text)
    DMA2_Stream5_IRQHandler                  0x08000273   Thumb Code     0  startup_stm32f407xx.o(.text)
    DMA2_Stream6_IRQHandler                  0x08000273   Thumb Code     0  startup_stm32f407xx.o(.text)
    DMA2_Stream7_IRQHandler                  0x08000273   Thumb Code     0  startup_stm32f407xx.o(.text)
    ETH_IRQHandler                           0x08000273   Thumb Code     0  startup_stm32f407xx.o(.text)
    ETH_WKUP_IRQHandler                      0x08000273   Thumb Code     0  startup_stm32f407xx.o(.text)
    EXTI0_IRQHandler                         0x08000273   Thumb Code     0  startup_stm32f407xx.o(.text)
    EXTI15_10_IRQHandler                     0x08000273   Thumb Code     0  startup_stm32f407xx.o(.text)
    EXTI1_IRQHandler                         0x08000273   Thumb Code     0  startup_stm32f407xx.o(.text)
    EXTI2_IRQHandler                         0x08000273   Thumb Code     0  startup_stm32f407xx.o(.text)
    EXTI3_IRQHandler                         0x08000273   Thumb Code     0  startup_stm32f407xx.o(.text)
    EXTI4_IRQHandler                         0x08000273   Thumb Code     0  startup_stm32f407xx.o(.text)
    EXTI9_5_IRQHandler                       0x08000273   Thumb Code     0  startup_stm32f407xx.o(.text)
    FLASH_IRQHandler                         0x08000273   Thumb Code     0  startup_stm32f407xx.o(.text)
    FMC_IRQHandler                           0x08000273   Thumb Code     0  startup_stm32f407xx.o(.text)
    FPU_IRQHandler                           0x08000273   Thumb Code     0  startup_stm32f407xx.o(.text)
    HASH_RNG_IRQHandler                      0x08000273   Thumb Code     0  startup_stm32f407xx.o(.text)
    I2C1_ER_IRQHandler                       0x08000273   Thumb Code     0  startup_stm32f407xx.o(.text)
    I2C1_EV_IRQHandler                       0x08000273   Thumb Code     0  startup_stm32f407xx.o(.text)
    I2C2_ER_IRQHandler                       0x08000273   Thumb Code     0  startup_stm32f407xx.o(.text)
    I2C2_EV_IRQHandler                       0x08000273   Thumb Code     0  startup_stm32f407xx.o(.text)
    I2C3_ER_IRQHandler                       0x08000273   Thumb Code     0  startup_stm32f407xx.o(.text)
    I2C3_EV_IRQHandler                       0x08000273   Thumb Code     0  startup_stm32f407xx.o(.text)
    OTG_FS_IRQHandler                        0x08000273   Thumb Code     0  startup_stm32f407xx.o(.text)
    OTG_FS_WKUP_IRQHandler                   0x08000273   Thumb Code     0  startup_stm32f407xx.o(.text)
    OTG_HS_EP1_IN_IRQHandler                 0x08000273   Thumb Code     0  startup_stm32f407xx.o(.text)
    OTG_HS_EP1_OUT_IRQHandler                0x08000273   Thumb Code     0  startup_stm32f407xx.o(.text)
    OTG_HS_IRQHandler                        0x08000273   Thumb Code     0  startup_stm32f407xx.o(.text)
    OTG_HS_WKUP_IRQHandler                   0x08000273   Thumb Code     0  startup_stm32f407xx.o(.text)
    PVD_IRQHandler                           0x08000273   Thumb Code     0  startup_stm32f407xx.o(.text)
    RCC_IRQHandler                           0x08000273   Thumb Code     0  startup_stm32f407xx.o(.text)
    RTC_Alarm_IRQHandler                     0x08000273   Thumb Code     0  startup_stm32f407xx.o(.text)
    RTC_WKUP_IRQHandler                      0x08000273   Thumb Code     0  startup_stm32f407xx.o(.text)
    SDIO_IRQHandler                          0x08000273   Thumb Code     0  startup_stm32f407xx.o(.text)
    SPI1_IRQHandler                          0x08000273   Thumb Code     0  startup_stm32f407xx.o(.text)
    SPI2_IRQHandler                          0x08000273   Thumb Code     0  startup_stm32f407xx.o(.text)
    SPI3_IRQHandler                          0x08000273   Thumb Code     0  startup_stm32f407xx.o(.text)
    TAMP_STAMP_IRQHandler                    0x08000273   Thumb Code     0  startup_stm32f407xx.o(.text)
    TIM1_BRK_TIM9_IRQHandler                 0x08000273   Thumb Code     0  startup_stm32f407xx.o(.text)
    TIM1_CC_IRQHandler                       0x08000273   Thumb Code     0  startup_stm32f407xx.o(.text)
    TIM1_TRG_COM_TIM11_IRQHandler            0x08000273   Thumb Code     0  startup_stm32f407xx.o(.text)
    TIM1_UP_TIM10_IRQHandler                 0x08000273   Thumb Code     0  startup_stm32f407xx.o(.text)
    TIM2_IRQHandler                          0x08000273   Thumb Code     0  startup_stm32f407xx.o(.text)
    TIM3_IRQHandler                          0x08000273   Thumb Code     0  startup_stm32f407xx.o(.text)
    TIM4_IRQHandler                          0x08000273   Thumb Code     0  startup_stm32f407xx.o(.text)
    TIM5_IRQHandler                          0x08000273   Thumb Code     0  startup_stm32f407xx.o(.text)
    TIM6_DAC_IRQHandler                      0x08000273   Thumb Code     0  startup_stm32f407xx.o(.text)
    TIM7_IRQHandler                          0x08000273   Thumb Code     0  startup_stm32f407xx.o(.text)
    TIM8_BRK_TIM12_IRQHandler                0x08000273   Thumb Code     0  startup_stm32f407xx.o(.text)
    TIM8_CC_IRQHandler                       0x08000273   Thumb Code     0  startup_stm32f407xx.o(.text)
    TIM8_TRG_COM_TIM14_IRQHandler            0x08000273   Thumb Code     0  startup_stm32f407xx.o(.text)
    TIM8_UP_TIM13_IRQHandler                 0x08000273   Thumb Code     0  startup_stm32f407xx.o(.text)
    UART4_IRQHandler                         0x08000273   Thumb Code     0  startup_stm32f407xx.o(.text)
    UART5_IRQHandler                         0x08000273   Thumb Code     0  startup_stm32f407xx.o(.text)
    USART1_IRQHandler                        0x08000273   Thumb Code     0  startup_stm32f407xx.o(.text)
    USART2_IRQHandler                        0x08000273   Thumb Code     0  startup_stm32f407xx.o(.text)
    USART3_IRQHandler                        0x08000273   Thumb Code     0  startup_stm32f407xx.o(.text)
    USART6_IRQHandler                        0x08000273   Thumb Code     0  startup_stm32f407xx.o(.text)
    WWDG_IRQHandler                          0x08000273   Thumb Code     0  startup_stm32f407xx.o(.text)
    __user_initial_stackheap                 0x08000275   Thumb Code     0  startup_stm32f407xx.o(.text)
    __2snprintf                              0x08000299   Thumb Code    58  noretval__2snprintf.o(.text)
    _printf_int_dec                          0x080002d9   Thumb Code   104  _printf_dec.o(.text)
    __printf                                 0x08000351   Thumb Code   352  __printf_ss_wp.o(.text)
    __use_two_region_memory                  0x080004b1   Thumb Code     2  heapauxi.o(.text)
    __rt_heap_escrow$2region                 0x080004b3   Thumb Code     2  heapauxi.o(.text)
    __rt_heap_expand$2region                 0x080004b5   Thumb Code     2  heapauxi.o(.text)
    __read_errno                             0x080004b7   Thumb Code    10  _rserrno.o(.text)
    __set_errno                              0x080004c1   Thumb Code    12  _rserrno.o(.text)
    _printf_int_common                       0x080004cd   Thumb Code   178  _printf_intcommon.o(.text)
    _printf_fp_dec_real                      0x0800072f   Thumb Code   620  _printf_fp_dec.o(.text)
    _printf_char_common                      0x080009a7   Thumb Code    32  _printf_char_common.o(.text)
    _snputc                                  0x080009cd   Thumb Code    16  _snputc.o(.text)
    __rt_locale                              0x080009dd   Thumb Code     8  rt_locale_intlibspace.o(.text)
    __aeabi_errno_addr                       0x080009e5   Thumb Code     8  rt_errno_addr_intlibspace.o(.text)
    __errno$intlibspace                      0x080009e5   Thumb Code     0  rt_errno_addr_intlibspace.o(.text)
    __rt_errno_addr$intlibspace              0x080009e5   Thumb Code     0  rt_errno_addr_intlibspace.o(.text)
    _ll_udiv10                               0x080009ed   Thumb Code   138  lludiv10.o(.text)
    _printf_fp_infnan                        0x08000a79   Thumb Code   112  _printf_fp_infnan.o(.text)
    _btod_etento                             0x08000af9   Thumb Code   224  bigflt0.o(.text)
    __user_libspace                          0x08000bdd   Thumb Code     8  libspace.o(.text)
    __user_perproc_libspace                  0x08000bdd   Thumb Code     0  libspace.o(.text)
    __user_perthread_libspace                0x08000bdd   Thumb Code     0  libspace.o(.text)
    __user_setup_stackheap                   0x08000be5   Thumb Code    74  sys_stackheap_outer.o(.text)
    exit                                     0x08000c2f   Thumb Code    18  exit.o(.text)
    strcmp                                   0x08000c41   Thumb Code   124  strcmpv7em.o(.text)
    _sys_exit                                0x08000cbd   Thumb Code     8  sys_exit.o(.text)
    __I$use$semihosting                      0x08000cc9   Thumb Code     0  use_no_semi.o(.text)
    __use_no_semihosting_swi                 0x08000cc9   Thumb Code     2  use_no_semi.o(.text)
    __semihosting_library_function           0x08000ccb   Thumb Code     0  indicate_semi.o(.text)
    I2C1_Bus_Recovery                        0x08000ccd   Thumb Code   294  main.o(.text.I2C1_Bus_Recovery)
    I2C1_ReadBytes                           0x08000df5   Thumb Code   238  main.o(.text.I2C1_ReadBytes)
    MPU_Init                                 0x08000ee5   Thumb Code   216  main.o(.text.MPU_Init)
    SysTick_Handler                          0x08000fbd   Thumb Code    16  main.o(.text.SysTick_Handler)
    SystemInit                               0x08000fcd   Thumb Code    86  system_stm32f4xx.o(.text.SystemInit)
    calculate_IMU_error                      0x08001025   Thumb Code   620  main.o(.text.calculate_IMU_error)
    main                                     0x080012a9   Thumb Code  1688  main.o(.text.main)
    _btod_d2e                                0x08001981   Thumb Code    62  btod.o(CL$$btod_d2e)
    _d2e_denorm_low                          0x080019bf   Thumb Code    70  btod.o(CL$$btod_d2e_denorm_low)
    _d2e_norm_op1                            0x08001a05   Thumb Code    96  btod.o(CL$$btod_d2e_norm_op1)
    __btod_div_common                        0x08001a65   Thumb Code   696  btod.o(CL$$btod_div_common)
    _e2e                                     0x08001d9d   Thumb Code   220  btod.o(CL$$btod_e2e)
    _btod_ediv                               0x08001e79   Thumb Code    42  btod.o(CL$$btod_ediv)
    _btod_emul                               0x08001ea3   Thumb Code    42  btod.o(CL$$btod_emul)
    __btod_mult_common                       0x08001ecd   Thumb Code   580  btod.o(CL$$btod_mult_common)
    __ARM_fpclassify                         0x08002111   Thumb Code    48  fpclassify.o(i.__ARM_fpclassify)
    __ARM_fpclassifyf                        0x08002141   Thumb Code    38  fpclassifyf.o(i.__ARM_fpclassifyf)
    __hardfp_atanf                           0x08002169   Thumb Code   296  atanf.o(i.__hardfp_atanf)
    __hardfp_sqrtf                           0x080022c9   Thumb Code    58  sqrtf.o(i.__hardfp_sqrtf)
    __mathlib_flt_infnan                     0x08002303   Thumb Code     6  funder.o(i.__mathlib_flt_infnan)
    __mathlib_flt_underflow                  0x08002309   Thumb Code    10  funder.o(i.__mathlib_flt_underflow)
    _is_digit                                0x08002319   Thumb Code    14  __printf_wp.o(i._is_digit)
    _get_lc_numeric                          0x08002329   Thumb Code    44  lc_numeric_c.o(locale$$code)
    __fpl_dretinf                            0x08002355   Thumb Code    12  dretinf.o(x$fpl$dretinf)
    __aeabi_f2d                              0x08002361   Thumb Code     0  f2d.o(x$fpl$f2d)
    _f2d                                     0x08002361   Thumb Code    86  f2d.o(x$fpl$f2d)
    __fpl_fnaninf                            0x080023b7   Thumb Code   140  fnaninf.o(x$fpl$fnaninf)
    _fp_init                                 0x08002443   Thumb Code    26  fpinit.o(x$fpl$fpinit)
    __fplib_config_fpu_vfp                   0x0800245b   Thumb Code     0  fpinit.o(x$fpl$fpinit)
    __fplib_config_pureend_doubles           0x0800245b   Thumb Code     0  fpinit.o(x$fpl$fpinit)
    _printf_fp_dec                           0x0800245d   Thumb Code     4  printf1.o(x$fpl$printf1)
    __I$use$fp                               0x08002460   Number         0  usenofp.o(x$fpl$usenofp)
    Region$$Table$$Base                      0x08002510   Number         0  anon$$obj.o(Region$$Table)
    Region$$Table$$Limit                     0x08002520   Number         0  anon$$obj.o(Region$$Table)
    __libspace_start                         0x20000000   Data          96  libspace.o(.bss)
    AccErrorX                                0x20000060   Data           4  main.o(.bss.AccErrorX)
    __temporary_stack_top$libspace           0x20000060   Data           0  libspace.o(.bss)
    AccErrorY                                0x20000064   Data           4  main.o(.bss.AccErrorY)
    GyroErrorX                               0x20000068   Data           4  main.o(.bss.GyroErrorX)
    GyroErrorY                               0x2000006c   Data           4  main.o(.bss.GyroErrorY)
    GyroErrorZ                               0x20000070   Data           4  main.o(.bss.GyroErrorZ)
    flexSensorValue1                         0x20000074   Data           4  main.o(.bss.flexSensorValue1)
    flexSensorValue2                         0x20000078   Data           4  main.o(.bss.flexSensorValue2)
    msTicks                                  0x20000084   Data           4  main.o(.bss.msTicks)
    pitch                                    0x20000088   Data           4  main.o(.bss.pitch)
    roll                                     0x2000008c   Data           4  main.o(.bss.roll)
    yaw                                      0x20000090   Data           4  main.o(.bss.yaw)



==============================================================================

Memory Map of the image

  Image Entry point : 0x08000259

  Load Region LR_1 (Base: 0x08000000, Size: 0x0000253c, Max: 0xffffffff, ABSOLUTE)

    Execution Region ER_RO (Exec base: 0x08000000, Load base: 0x08000000, Size: 0x0000253c, Max: 0xffffffff, ABSOLUTE)

    Exec Addr    Load Addr    Size         Type   Attr      Idx    E Section Name        Object

    0x08000000   0x08000000   0x00000188   Data   RO          599    RESET               startup_stm32f407xx.o
    0x08000188   0x08000188   0x00000008   Code   RO          658  * !!!main             c_w.l(__main.o)
    0x08000190   0x08000190   0x0000005c   Code   RO          939    !!!scatter          c_w.l(__scatter.o)
    0x080001ec   0x080001ec   0x00000002   Code   RO          940    !!handler_null      c_w.l(__scatter.o)
    0x080001ee   0x080001ee   0x00000002   PAD
    0x080001f0   0x080001f0   0x0000001c   Code   RO          943    !!handler_zi        c_w.l(__scatter_zi.o)
    0x0800020c   0x0800020c   0x00000000   Code   RO          655    .ARM.Collect$$_printf_percent$$00000000  c_w.l(_printf_percent.o)
    0x0800020c   0x0800020c   0x00000006   Code   RO          654    .ARM.Collect$$_printf_percent$$00000003  c_w.l(_printf_f.o)
    0x08000212   0x08000212   0x00000006   Code   RO          653    .ARM.Collect$$_printf_percent$$0000000A  c_w.l(_printf_u.o)
    0x08000218   0x08000218   0x00000004   Code   RO          693    .ARM.Collect$$_printf_percent$$00000017  c_w.l(_printf_percent_end.o)
    0x0800021c   0x0800021c   0x00000002   Code   RO          802    .ARM.Collect$$libinit$$00000000  c_w.l(libinit.o)
    0x0800021e   0x0800021e   0x00000004   Code   RO          803    .ARM.Collect$$libinit$$00000001  c_w.l(libinit2.o)
    0x08000222   0x08000222   0x00000000   Code   RO          806    .ARM.Collect$$libinit$$00000004  c_w.l(libinit2.o)
    0x08000222   0x08000222   0x00000000   Code   RO          808    .ARM.Collect$$libinit$$00000006  c_w.l(libinit2.o)
    0x08000222   0x08000222   0x00000000   Code   RO          811    .ARM.Collect$$libinit$$0000000C  c_w.l(libinit2.o)
    0x08000222   0x08000222   0x00000000   Code   RO          813    .ARM.Collect$$libinit$$0000000E  c_w.l(libinit2.o)
    0x08000222   0x08000222   0x00000000   Code   RO          815    .ARM.Collect$$libinit$$00000010  c_w.l(libinit2.o)
    0x08000222   0x08000222   0x00000006   Code   RO          816    .ARM.Collect$$libinit$$00000011  c_w.l(libinit2.o)
    0x08000228   0x08000228   0x00000000   Code   RO          818    .ARM.Collect$$libinit$$00000013  c_w.l(libinit2.o)
    0x08000228   0x08000228   0x00000000   Code   RO          820    .ARM.Collect$$libinit$$00000015  c_w.l(libinit2.o)
    0x08000228   0x08000228   0x00000000   Code   RO          822    .ARM.Collect$$libinit$$00000017  c_w.l(libinit2.o)
    0x08000228   0x08000228   0x0000000a   Code   RO          823    .ARM.Collect$$libinit$$00000018  c_w.l(libinit2.o)
    0x08000232   0x08000232   0x00000000   Code   RO          824    .ARM.Collect$$libinit$$00000019  c_w.l(libinit2.o)
    0x08000232   0x08000232   0x00000000   Code   RO          826    .ARM.Collect$$libinit$$0000001B  c_w.l(libinit2.o)
    0x08000232   0x08000232   0x00000000   Code   RO          828    .ARM.Collect$$libinit$$0000001D  c_w.l(libinit2.o)
    0x08000232   0x08000232   0x00000000   Code   RO          830    .ARM.Collect$$libinit$$0000001F  c_w.l(libinit2.o)
    0x08000232   0x08000232   0x00000000   Code   RO          832    .ARM.Collect$$libinit$$00000021  c_w.l(libinit2.o)
    0x08000232   0x08000232   0x00000000   Code   RO          834    .ARM.Collect$$libinit$$00000023  c_w.l(libinit2.o)
    0x08000232   0x08000232   0x00000000   Code   RO          836    .ARM.Collect$$libinit$$00000025  c_w.l(libinit2.o)
    0x08000232   0x08000232   0x00000000   Code   RO          838    .ARM.Collect$$libinit$$00000027  c_w.l(libinit2.o)
    0x08000232   0x08000232   0x00000000   Code   RO          842    .ARM.Collect$$libinit$$0000002E  c_w.l(libinit2.o)
    0x08000232   0x08000232   0x00000000   Code   RO          844    .ARM.Collect$$libinit$$00000030  c_w.l(libinit2.o)
    0x08000232   0x08000232   0x00000000   Code   RO          846    .ARM.Collect$$libinit$$00000032  c_w.l(libinit2.o)
    0x08000232   0x08000232   0x00000000   Code   RO          848    .ARM.Collect$$libinit$$00000034  c_w.l(libinit2.o)
    0x08000232   0x08000232   0x00000002   Code   RO          849    .ARM.Collect$$libinit$$00000035  c_w.l(libinit2.o)
    0x08000234   0x08000234   0x00000002   Code   RO          904    .ARM.Collect$$libshutdown$$00000000  c_w.l(libshutdown.o)
    0x08000236   0x08000236   0x00000000   Code   RO          922    .ARM.Collect$$libshutdown$$00000002  c_w.l(libshutdown2.o)
    0x08000236   0x08000236   0x00000000   Code   RO          924    .ARM.Collect$$libshutdown$$00000004  c_w.l(libshutdown2.o)
    0x08000236   0x08000236   0x00000000   Code   RO          927    .ARM.Collect$$libshutdown$$00000007  c_w.l(libshutdown2.o)
    0x08000236   0x08000236   0x00000000   Code   RO          930    .ARM.Collect$$libshutdown$$0000000A  c_w.l(libshutdown2.o)
    0x08000236   0x08000236   0x00000000   Code   RO          932    .ARM.Collect$$libshutdown$$0000000C  c_w.l(libshutdown2.o)
    0x08000236   0x08000236   0x00000000   Code   RO          935    .ARM.Collect$$libshutdown$$0000000F  c_w.l(libshutdown2.o)
    0x08000236   0x08000236   0x00000002   Code   RO          936    .ARM.Collect$$libshutdown$$00000010  c_w.l(libshutdown2.o)
    0x08000238   0x08000238   0x00000000   Code   RO          676    .ARM.Collect$$rtentry$$00000000  c_w.l(__rtentry.o)
    0x08000238   0x08000238   0x00000000   Code   RO          716    .ARM.Collect$$rtentry$$00000002  c_w.l(__rtentry2.o)
    0x08000238   0x08000238   0x00000006   Code   RO          728    .ARM.Collect$$rtentry$$00000004  c_w.l(__rtentry4.o)
    0x0800023e   0x0800023e   0x00000000   Code   RO          718    .ARM.Collect$$rtentry$$00000009  c_w.l(__rtentry2.o)
    0x0800023e   0x0800023e   0x00000004   Code   RO          719    .ARM.Collect$$rtentry$$0000000A  c_w.l(__rtentry2.o)
    0x08000242   0x08000242   0x00000000   Code   RO          721    .ARM.Collect$$rtentry$$0000000C  c_w.l(__rtentry2.o)
    0x08000242   0x08000242   0x00000008   Code   RO          722    .ARM.Collect$$rtentry$$0000000D  c_w.l(__rtentry2.o)
    0x0800024a   0x0800024a   0x00000002   Code   RO          850    .ARM.Collect$$rtexit$$00000000  c_w.l(rtexit.o)
    0x0800024c   0x0800024c   0x00000000   Code   RO          869    .ARM.Collect$$rtexit$$00000002  c_w.l(rtexit2.o)
    0x0800024c   0x0800024c   0x00000004   Code   RO          870    .ARM.Collect$$rtexit$$00000003  c_w.l(rtexit2.o)
    0x08000250   0x08000250   0x00000006   Code   RO          871    .ARM.Collect$$rtexit$$00000004  c_w.l(rtexit2.o)
    0x08000256   0x08000256   0x00000002   PAD
    0x08000258   0x08000258   0x00000040   Code   RO          600  * .text               startup_stm32f407xx.o
    0x08000298   0x08000298   0x00000040   Code   RO          627    .text               c_w.l(noretval__2snprintf.o)
    0x080002d8   0x080002d8   0x00000078   Code   RO          631    .text               c_w.l(_printf_dec.o)
    0x08000350   0x08000350   0x00000160   Code   RO          648    .text               c_w.l(__printf_ss_wp.o)
    0x080004b0   0x080004b0   0x00000006   Code   RO          656    .text               c_w.l(heapauxi.o)
    0x080004b6   0x080004b6   0x00000016   Code   RO          681    .text               c_w.l(_rserrno.o)
    0x080004cc   0x080004cc   0x000000b2   Code   RO          683    .text               c_w.l(_printf_intcommon.o)
    0x0800057e   0x0800057e   0x0000041c   Code   RO          685    .text               c_w.l(_printf_fp_dec.o)
    0x0800099a   0x0800099a   0x00000002   PAD
    0x0800099c   0x0800099c   0x00000030   Code   RO          689    .text               c_w.l(_printf_char_common.o)
    0x080009cc   0x080009cc   0x00000010   Code   RO          691    .text               c_w.l(_snputc.o)
    0x080009dc   0x080009dc   0x00000008   Code   RO          735    .text               c_w.l(rt_locale_intlibspace.o)
    0x080009e4   0x080009e4   0x00000008   Code   RO          740    .text               c_w.l(rt_errno_addr_intlibspace.o)
    0x080009ec   0x080009ec   0x0000008a   Code   RO          742    .text               c_w.l(lludiv10.o)
    0x08000a76   0x08000a76   0x00000002   PAD
    0x08000a78   0x08000a78   0x00000080   Code   RO          744    .text               c_w.l(_printf_fp_infnan.o)
    0x08000af8   0x08000af8   0x000000e4   Code   RO          748    .text               c_w.l(bigflt0.o)
    0x08000bdc   0x08000bdc   0x00000008   Code   RO          782    .text               c_w.l(libspace.o)
    0x08000be4   0x08000be4   0x0000004a   Code   RO          785    .text               c_w.l(sys_stackheap_outer.o)
    0x08000c2e   0x08000c2e   0x00000012   Code   RO          789    .text               c_w.l(exit.o)
    0x08000c40   0x08000c40   0x0000007c   Code   RO          795    .text               c_w.l(strcmpv7em.o)
    0x08000cbc   0x08000cbc   0x0000000c   Code   RO          864    .text               c_w.l(sys_exit.o)
    0x08000cc8   0x08000cc8   0x00000002   Code   RO          891    .text               c_w.l(use_no_semi.o)
    0x08000cca   0x08000cca   0x00000000   Code   RO          893    .text               c_w.l(indicate_semi.o)
    0x08000cca   0x08000cca   0x00000002   PAD
    0x08000ccc   0x08000ccc   0x00000126   Code   RO           16    .text.I2C1_Bus_Recovery  main.o
    0x08000df2   0x08000df2   0x00000002   PAD
    0x08000df4   0x08000df4   0x000000ee   Code   RO           14    .text.I2C1_ReadBytes  main.o
    0x08000ee2   0x08000ee2   0x00000002   PAD
    0x08000ee4   0x08000ee4   0x000000d8   Code   RO           20    .text.MPU_Init      main.o
    0x08000fbc   0x08000fbc   0x00000010   Code   RO            2    .text.SysTick_Handler  main.o
    0x08000fcc   0x08000fcc   0x00000056   Code   RO          607    .text.SystemInit    system_stm32f4xx.o
    0x08001022   0x08001022   0x00000002   PAD
    0x08001024   0x08001024   0x00000284   Code   RO           32    .text.calculate_IMU_error  main.o
    0x080012a8   0x080012a8   0x000006d8   Code   RO           42    .text.main          main.o
    0x08001980   0x08001980   0x0000003e   Code   RO          751    CL$$btod_d2e        c_w.l(btod.o)
    0x080019be   0x080019be   0x00000046   Code   RO          753    CL$$btod_d2e_denorm_low  c_w.l(btod.o)
    0x08001a04   0x08001a04   0x00000060   Code   RO          752    CL$$btod_d2e_norm_op1  c_w.l(btod.o)
    0x08001a64   0x08001a64   0x00000338   Code   RO          761    CL$$btod_div_common  c_w.l(btod.o)
    0x08001d9c   0x08001d9c   0x000000dc   Code   RO          758    CL$$btod_e2e        c_w.l(btod.o)
    0x08001e78   0x08001e78   0x0000002a   Code   RO          755    CL$$btod_ediv       c_w.l(btod.o)
    0x08001ea2   0x08001ea2   0x0000002a   Code   RO          754    CL$$btod_emul       c_w.l(btod.o)
    0x08001ecc   0x08001ecc   0x00000244   Code   RO          760    CL$$btod_mult_common  c_w.l(btod.o)
    0x08002110   0x08002110   0x00000030   Code   RO          780    i.__ARM_fpclassify  m_wm.l(fpclassify.o)
    0x08002140   0x08002140   0x00000026   Code   RO          699    i.__ARM_fpclassifyf  m_wm.l(fpclassifyf.o)
    0x08002166   0x08002166   0x00000002   PAD
    0x08002168   0x08002168   0x00000160   Code   RO          664    i.__hardfp_atanf    m_wm.l(atanf.o)
    0x080022c8   0x080022c8   0x0000003a   Code   RO          670    i.__hardfp_sqrtf    m_wm.l(sqrtf.o)
    0x08002302   0x08002302   0x00000006   Code   RO          702    i.__mathlib_flt_infnan  m_wm.l(funder.o)
    0x08002308   0x08002308   0x00000010   Code   RO          707    i.__mathlib_flt_underflow  m_wm.l(funder.o)
    0x08002318   0x08002318   0x0000000e   Code   RO          643    i._is_digit         c_w.l(__printf_wp.o)
    0x08002326   0x08002326   0x00000002   PAD
    0x08002328   0x08002328   0x0000002c   Code   RO          776    locale$$code        c_w.l(lc_numeric_c.o)
    0x08002354   0x08002354   0x0000000c   Code   RO          694    x$fpl$dretinf       fz_wm.l(dretinf.o)
    0x08002360   0x08002360   0x00000056   Code   RO          660    x$fpl$f2d           fz_wm.l(f2d.o)
    0x080023b6   0x080023b6   0x0000008c   Code   RO          696    x$fpl$fnaninf       fz_wm.l(fnaninf.o)
    0x08002442   0x08002442   0x0000001a   Code   RO          862    x$fpl$fpinit        fz_wm.l(fpinit.o)
    0x0800245c   0x0800245c   0x00000004   Code   RO          662    x$fpl$printf1       fz_wm.l(printf1.o)
    0x08002460   0x08002460   0x00000000   Code   RO          698    x$fpl$usenofp       fz_wm.l(usenofp.o)
    0x08002460   0x08002460   0x00000094   Data   RO          749    .constdata          c_w.l(bigflt0.o)
    0x080024f4   0x080024f4   0x00000006   Data   RO           55    .rodata..L__const.MPU_Init.configData  main.o
    0x080024fa   0x080024fa   0x00000013   Data   RO           56    .rodata.str1.1      main.o
    0x0800250d   0x0800250d   0x00000003   PAD
    0x08002510   0x08002510   0x00000010   Data   RO          938    Region$$Table       anon$$obj.o
    0x08002520   0x08002520   0x0000001c   Data   RO          775    locale$$data        c_w.l(lc_numeric_c.o)


    Execution Region ER_RW (Exec base: 0x20000000, Load base: 0x0800253c, Size: 0x00000000, Max: 0xffffffff, ABSOLUTE)

    **** No section assigned to this execution region ****


    Execution Region ER_ZI (Exec base: 0x20000000, Load base: 0x0800253c, Size: 0x00000698, Max: 0xffffffff, ABSOLUTE)

    Exec Addr    Load Addr    Size         Type   Attr      Idx    E Section Name        Object

    0x20000000        -       0x00000060   Zero   RW          783    .bss                c_w.l(libspace.o)
    0x20000060        -       0x00000004   Zero   RW           50    .bss.AccErrorX      main.o
    0x20000064        -       0x00000004   Zero   RW           51    .bss.AccErrorY      main.o
    0x20000068        -       0x00000004   Zero   RW           52    .bss.GyroErrorX     main.o
    0x2000006c        -       0x00000004   Zero   RW           53    .bss.GyroErrorY     main.o
    0x20000070        -       0x00000004   Zero   RW           54    .bss.GyroErrorZ     main.o
    0x20000074        -       0x00000004   Zero   RW           48    .bss.flexSensorValue1  main.o
    0x20000078        -       0x00000004   Zero   RW           49    .bss.flexSensorValue2  main.o
    0x2000007c        -       0x00000001   Zero   RW           57    .bss.main.left_clicked  main.o
    0x2000007d   0x0800253c   0x00000003   PAD
    0x20000080        -       0x00000001   Zero   RW           58    .bss.main.right_clicked  main.o
    0x20000081   0x0800253c   0x00000003   PAD
    0x20000084        -       0x00000004   Zero   RW           44    .bss.msTicks        main.o
    0x20000088        -       0x00000004   Zero   RW           46    .bss.pitch          main.o
    0x2000008c        -       0x00000004   Zero   RW           45    .bss.roll           main.o
    0x20000090        -       0x00000004   Zero   RW           47    .bss.yaw            main.o
    0x20000094   0x0800253c   0x00000004   PAD
    0x20000098        -       0x00000200   Zero   RW          598    HEAP                startup_stm32f407xx.o
    0x20000298        -       0x00000400   Zero   RW          597    STACK               startup_stm32f407xx.o


==============================================================================

Image component sizes


      Code (inc. data)   RO Data    RW Data    ZI Data      Debug   Object Name

      3160        124         25          0         46      14733   main.o
        64         26        392          0       1536        904   startup_stm32f407xx.o
        86          0          0          0          0       2945   system_stm32f4xx.o

    ----------------------------------------------------------------------
      3316        150        436          0       1592      18582   Object Totals
         0          0         16          0          0          0   (incl. Generated)
         6          0          3          0         10          0   (incl. Padding)

    ----------------------------------------------------------------------

      Code (inc. data)   RO Data    RW Data    ZI Data      Debug   Library Member Name

         8          0          0          0          0         68   __main.o
       352          0          0          0          0         88   __printf_ss_wp.o
        14          0          0          0          0         68   __printf_wp.o
         0          0          0          0          0          0   __rtentry.o
        12          0          0          0          0          0   __rtentry2.o
         6          0          0          0          0          0   __rtentry4.o
        94          8          0          0          0          0   __scatter.o
        28          0          0          0          0          0   __scatter_zi.o
        48          6          0          0          0         96   _printf_char_common.o
       120         16          0          0          0         92   _printf_dec.o
         6          0          0          0          0          0   _printf_f.o
      1052          0          0          0          0        148   _printf_fp_dec.o
       128         16          0          0          0         84   _printf_fp_infnan.o
       178          0          0          0          0         88   _printf_intcommon.o
         0          0          0          0          0          0   _printf_percent.o
         4          0          0          0          0          0   _printf_percent_end.o
         6          0          0          0          0          0   _printf_u.o
        22          0          0          0          0        100   _rserrno.o
        16          0          0          0          0         68   _snputc.o
       228          4        148          0          0         96   bigflt0.o
      1936        128          0          0          0        668   btod.o
        18          0          0          0          0         80   exit.o
         6          0          0          0          0        152   heapauxi.o
         0          0          0          0          0          0   indicate_semi.o
        44         10         28          0          0         76   lc_numeric_c.o
         2          0          0          0          0          0   libinit.o
        22          0          0          0          0          0   libinit2.o
         2          0          0          0          0          0   libshutdown.o
         2          0          0          0          0          0   libshutdown2.o
         8          4          0          0         96         68   libspace.o
       138          0          0          0          0         80   lludiv10.o
        64          6          0          0          0         84   noretval__2snprintf.o
         8          4          0          0          0         68   rt_errno_addr_intlibspace.o
         8          4          0          0          0         68   rt_locale_intlibspace.o
         2          0          0          0          0          0   rtexit.o
        10          0          0          0          0          0   rtexit2.o
       124          0          0          0          0         88   strcmpv7em.o
        12          4          0          0          0         68   sys_exit.o
        74          0          0          0          0         80   sys_stackheap_outer.o
         2          0          0          0          0         68   use_no_semi.o
        12          0          0          0          0        116   dretinf.o
        86          4          0          0          0        132   f2d.o
       140          4          0          0          0        132   fnaninf.o
        26          0          0          0          0        116   fpinit.o
         4          0          0          0          0        116   printf1.o
         0          0          0          0          0          0   usenofp.o
       352         56          0          0          0        172   atanf.o
        48          0          0          0          0        124   fpclassify.o
        38          0          0          0          0        116   fpclassifyf.o
        22          6          0          0          0        232   funder.o
        58          0          0          0          0        136   sqrtf.o

    ----------------------------------------------------------------------
      5604        280        176          0         96       4036   Library Totals
        14          0          0          0          0          0   (incl. Padding)

    ----------------------------------------------------------------------

      Code (inc. data)   RO Data    RW Data    ZI Data      Debug   Library Name

      4804        210        176          0         96       2644   c_w.l
       268          8          0          0          0        612   fz_wm.l
       518         62          0          0          0        780   m_wm.l

    ----------------------------------------------------------------------
      5604        280        176          0         96       4036   Library Totals

    ----------------------------------------------------------------------

==============================================================================


      Code (inc. data)   RO Data    RW Data    ZI Data      Debug   

      8920        430        612          0       1688      20294   Grand Totals
      8920        430        612          0       1688      20294   ELF Image Totals
      8920        430        612          0          0          0   ROM Totals

==============================================================================

    Total RO  Size (Code + RO Data)                 9532 (   9.31kB)
    Total RW  Size (RW Data + ZI Data)              1688 (   1.65kB)
    Total ROM Size (Code + RO Data + RW Data)       9532 (   9.31kB)

==============================================================================

